Archive member included because of file (symbol)

../qpc_win//ports/win32-qv/dbg/libqp.a(qf_port.o)
                              dbg/main.o (QF_init)
../qpc_win//ports/win32-qv/dbg/libqp.a(qwin_gui.o)
                              dbg/bsp.o (CreateCustDialog)
../qpc_win//ports/win32-qv/dbg/libqp.a(qf_time.o)
                              dbg/bsp.o (QF_tickX_)
../qpc_win//ports/win32-qv/dbg/libqp.a(qf_ps.o)
                              dbg/main.o (QF_psInit)
../qpc_win//ports/win32-qv/dbg/libqp.a(qf_dyn.o)
                              dbg/main.o (QF_poolInit)
../qpc_win//ports/win32-qv/dbg/libqp.a(qep_hsm.o)
                              dbg/medicion.o (QHsm_top)
../qpc_win//ports/win32-qv/dbg/libqp.a(qf_qact.o)
                              dbg/medicion.o (QActive_ctor)
../qpc_win//ports/win32-qv/dbg/libqp.a(qf_act.o)
                              ../qpc_win//ports/win32-qv/dbg/libqp.a(qf_port.o) (QF_add_)
../qpc_win//ports/win32-qv/dbg/libqp.a(qf_actq.o)
                              ../qpc_win//ports/win32-qv/dbg/libqp.a(qf_qact.o) (QActive_post_)
../qpc_win//ports/win32-qv/dbg/libqp.a(qf_qeq.o)
                              ../qpc_win//ports/win32-qv/dbg/libqp.a(qf_port.o) (QEQueue_init)
../qpc_win//ports/win32-qv/dbg/libqp.a(qf_mem.o)
                              ../qpc_win//ports/win32-qv/dbg/libqp.a(qf_dyn.o) (QMPool_init)
C:/Program Files/CodeBlocks/MinGW/bin/../lib/gcc/mingw32/4.9.2/../../../libmingw32.a(tlssup.o)
                              C:/Program Files/CodeBlocks/MinGW/bin/../lib/gcc/mingw32/4.9.2/../../../crt2.o (__dyn_tls_init_callback)
C:/Program Files/CodeBlocks/MinGW/bin/../lib/gcc/mingw32/4.9.2/../../../libmingw32.a(CRTglob.o)
                              C:/Program Files/CodeBlocks/MinGW/bin/../lib/gcc/mingw32/4.9.2/../../../crt2.o (_CRT_glob)
C:/Program Files/CodeBlocks/MinGW/bin/../lib/gcc/mingw32/4.9.2/../../../libmingw32.a(CRTfmode.o)
                              C:/Program Files/CodeBlocks/MinGW/bin/../lib/gcc/mingw32/4.9.2/../../../crt2.o (_CRT_fmode)
C:/Program Files/CodeBlocks/MinGW/bin/../lib/gcc/mingw32/4.9.2/../../../libmingw32.a(txtmode.o)
                              C:/Program Files/CodeBlocks/MinGW/bin/../lib/gcc/mingw32/4.9.2/../../../crt2.o (_fmode)
C:/Program Files/CodeBlocks/MinGW/bin/../lib/gcc/mingw32/4.9.2/../../../libmingw32.a(cpu_features.o)
                              C:/Program Files/CodeBlocks/MinGW/bin/../lib/gcc/mingw32/4.9.2/../../../crt2.o (__cpu_features_init)
C:/Program Files/CodeBlocks/MinGW/bin/../lib/gcc/mingw32/4.9.2/../../../libmingw32.a(CRT_fp10.o)
                              C:/Program Files/CodeBlocks/MinGW/bin/../lib/gcc/mingw32/4.9.2/../../../crt2.o (_fpreset)
C:/Program Files/CodeBlocks/MinGW/bin/../lib/gcc/mingw32/4.9.2/../../../libmingw32.a(pseudo-reloc.o)
                              C:/Program Files/CodeBlocks/MinGW/bin/../lib/gcc/mingw32/4.9.2/../../../crt2.o (_pei386_runtime_relocator)
C:/Program Files/CodeBlocks/MinGW/bin/../lib/gcc/mingw32/4.9.2/../../../libmingw32.a(gccmain.o)
                              C:/Program Files/CodeBlocks/MinGW/bin/../lib/gcc/mingw32/4.9.2/../../../crt2.o (__main)
C:/Program Files/CodeBlocks/MinGW/bin/../lib/gcc/mingw32/4.9.2/../../../libmingw32.a(main.o)
                              C:/Program Files/CodeBlocks/MinGW/bin/../lib/gcc/mingw32/4.9.2/../../../crt2.o (main)
C:/Program Files/CodeBlocks/MinGW/bin/../lib/gcc/mingw32/4.9.2/../../../libmingw32.a(crtst.o)
                              C:/Program Files/CodeBlocks/MinGW/bin/../lib/gcc/mingw32/4.9.2/../../../libmingw32.a(tlssup.o) (_CRT_MT)
C:/Program Files/CodeBlocks/MinGW/bin/../lib/gcc/mingw32/4.9.2/../../../libmingw32.a(tlsthrd.o)
                              C:/Program Files/CodeBlocks/MinGW/bin/../lib/gcc/mingw32/4.9.2/../../../libmingw32.a(tlssup.o) (__mingw_TLScallback)
C:/Program Files/CodeBlocks/MinGW/bin/../lib/gcc/mingw32/4.9.2/../../../libmingw32.a(pseudo-reloc-list.o)
                              C:/Program Files/CodeBlocks/MinGW/bin/../lib/gcc/mingw32/4.9.2/../../../libmingw32.a(pseudo-reloc.o) (__RUNTIME_PSEUDO_RELOC_LIST__)
C:/Program Files/CodeBlocks/MinGW/bin/../lib/gcc/mingw32/4.9.2/libgcc.a(_ctors.o)
                              C:/Program Files/CodeBlocks/MinGW/bin/../lib/gcc/mingw32/4.9.2/../../../libmingw32.a(gccmain.o) (__DTOR_LIST__)
C:/Program Files/CodeBlocks/MinGW/bin/../lib/gcc/mingw32/4.9.2/../../../libmsvcrt.a(dsnos00266.o)
                              C:/Program Files/CodeBlocks/MinGW/bin/../lib/gcc/mingw32/4.9.2/../../../crt2.o (_imp___iob)
C:/Program Files/CodeBlocks/MinGW/bin/../lib/gcc/mingw32/4.9.2/../../../libmsvcrt.a(dsnos00099.o)
                              C:/Program Files/CodeBlocks/MinGW/bin/../lib/gcc/mingw32/4.9.2/../../../crt2.o (_imp____set_app_type)
C:/Program Files/CodeBlocks/MinGW/bin/../lib/gcc/mingw32/4.9.2/../../../libmsvcrt.a(dsnos00590.o)
                              C:/Program Files/CodeBlocks/MinGW/bin/../lib/gcc/mingw32/4.9.2/../../../crt2.o (_imp__atexit)
[...]
Memory Configuration

Name             Origin             Length             Attributes
*default*        0x00000000         0xffffffff

Linker script and memory map

                0x00400000                __image_base__ = 0x400000
                0x00000000                __dll__ = 0x0
                0x00400000                ___ImageBase = 0x400000
                0x00001000                __section_alignment__ = 0x1000
                0x00000200                __file_alignment__ = 0x200
                0x00000004                __major_os_version__ = 0x4
                0x00000000                __minor_os_version__ = 0x0
                0x00000001                __major_image_version__ = 0x1
                0x00000000                __minor_image_version__ = 0x0
                0x00000004                __major_subsystem_version__ = 0x4
                0x00000000                __minor_subsystem_version__ = 0x0
                0x00000002                __subsystem__ = 0x2
                0x00200000                __size_of_stack_reserve__ = 0x200000
                0x00001000                __size_of_stack_commit__ = 0x1000
                0x00100000                __size_of_heap_reserve__ = 0x100000
                0x00001000                __size_of_heap_commit__ = 0x1000
                0x00000000                __loader_flags__ = 0x0
                0x00000000                __dll_characteristics__ = 0x0
LOAD C:/Program Files/CodeBlocks/MinGW/bin/../lib/gcc/mingw32/4.9.2/../../../crt2.o
LOAD C:/Program Files/CodeBlocks/MinGW/bin/../lib/gcc/mingw32/4.9.2/crtbegin.o
LOAD dbg/bsp.o
LOAD dbg/main.o
LOAD dbg/medicion.o
LOAD dbg/control.o
LOAD dbg/sim_bat.o
LOAD dbg/balan-gui.o
LOAD dbg/qstamp.o
LOAD ../qpc_win//ports/win32-qv/dbg/libqp.a
LOAD C:/Program Files/CodeBlocks/MinGW/bin/../lib/gcc/mingw32/4.9.2/../../../libmingw32.a
LOAD C:/Program Files/CodeBlocks/MinGW/bin/../lib/gcc/mingw32/4.9.2/libgcc.a
LOAD C:/Program Files/CodeBlocks/MinGW/bin/../lib/gcc/mingw32/4.9.2/../../../libmoldname.a
LOAD C:/Program Files/CodeBlocks/MinGW/bin/../lib/gcc/mingw32/4.9.2/../../../libmingwex.a
LOAD C:/Program Files/CodeBlocks/MinGW/bin/../lib/gcc/mingw32/4.9.2/../../../libmsvcrt.a
LOAD C:/Program Files/CodeBlocks/MinGW/bin/../lib/gcc/mingw32/4.9.2/../../../libpthread.a
LOAD C:/Program Files/CodeBlocks/MinGW/bin/../lib/gcc/mingw32/4.9.2/../../../libgdi32.a
LOAD C:/Program Files/CodeBlocks/MinGW/bin/../lib/gcc/mingw32/4.9.2/../../../libcomdlg32.a
LOAD C:/Program Files/CodeBlocks/MinGW/bin/../lib/gcc/mingw32/4.9.2/../../../libadvapi32.a
LOAD C:/Program Files/CodeBlocks/MinGW/bin/../lib/gcc/mingw32/4.9.2/../../../libshell32.a
LOAD C:/Program Files/CodeBlocks/MinGW/bin/../lib/gcc/mingw32/4.9.2/../../../libuser32.a
LOAD C:/Program Files/CodeBlocks/MinGW/bin/../lib/gcc/mingw32/4.9.2/../../../libkernel32.a
LOAD C:/Program Files/CodeBlocks/MinGW/bin/../lib/gcc/mingw32/4.9.2/../../../libmingw32.a
LOAD C:/Program Files/CodeBlocks/MinGW/bin/../lib/gcc/mingw32/4.9.2/libgcc.a
LOAD C:/Program Files/CodeBlocks/MinGW/bin/../lib/gcc/mingw32/4.9.2/../../../libmoldname.a
LOAD C:/Program Files/CodeBlocks/MinGW/bin/../lib/gcc/mingw32/4.9.2/../../../libmingwex.a
LOAD C:/Program Files/CodeBlocks/MinGW/bin/../lib/gcc/mingw32/4.9.2/../../../libmsvcrt.a
LOAD C:/Program Files/CodeBlocks/MinGW/bin/../lib/gcc/mingw32/4.9.2/crtend.o
                0x00000420                . = SIZEOF_HEADERS
                0x00001000                . = ALIGN (__section_alignment__)

.text           0x00401000     0x4800
 *(.init)
 *(.text)
 .text          0x00401000      0x2e0 C:/Program Files/CodeBlocks/MinGW/bin/../lib/gcc/mingw32/4.9.2/../../../crt2.o
                0x00401280                mainCRTStartup
                0x004012a0                WinMainCRTStartup
                0x004012c0                atexit
                0x004012d0                _onexit
 .text          0x004012e0       0x60 C:/Program Files/CodeBlocks/MinGW/bin/../lib/gcc/mingw32/4.9.2/crtbegin.o
                0x004012e0                __gcc_register_frame
                0x00401330                __gcc_deregister_frame
 .text          0x00401340        0x0 dbg/bsp.o
 .text          0x00401340        0x0 dbg/main.o
 .text          0x00401340        0x0 dbg/medicion.o
 .text          0x00401340        0x0 dbg/control.o
 .text          0x00401340        0x0 dbg/sim_bat.o
 .text          0x00401340        0x0 dbg/qstamp.o
 .text          0x00401340        0x0 ../qpc_win//ports/win32-qv/dbg/libqp.a(qf_port.o)
 .text          0x00401340        0x0 ../qpc_win//ports/win32-qv/dbg/libqp.a(qwin_gui.o)
 .text          0x00401340        0x0 ../qpc_win//ports/win32-qv/dbg/libqp.a(qf_time.o)
 .text          0x00401340        0x0 ../qpc_win//ports/win32-qv/dbg/libqp.a(qf_ps.o)
 .text          0x00401340        0x0 ../qpc_win//ports/win32-qv/dbg/libqp.a(qf_dyn.o)
 .text          0x00401340        0x0 ../qpc_win//ports/win32-qv/dbg/libqp.a(qep_hsm.o)
 .text          0x00401340        0x0 ../qpc_win//ports/win32-qv/dbg/libqp.a(qf_qact.o)
 .text          0x00401340        0x0 ../qpc_win//ports/win32-qv/dbg/libqp.a(qf_act.o)
 .text          0x00401340        0x0 ../qpc_win//ports/win32-qv/dbg/libqp.a(qf_actq.o)
 .text          0x00401340        0x0 ../qpc_win//ports/win32-qv/dbg/libqp.a(qf_qeq.o)
 .text          0x00401340        0x0 ../qpc_win//ports/win32-qv/dbg/libqp.a(qf_mem.o)
 .text          0x00401340       0xf0 C:/Program Files/CodeBlocks/MinGW/bin/../lib/gcc/mingw32/4.9.2/../../../libmingw32.a(tlssup.o)
                0x00401390                __dyn_tls_init@12
                0x00401420                __tlregdtor
 .text          0x00401430        0x0 C:/Program Files/CodeBlocks/MinGW/bin/../lib/gcc/mingw32/4.9.2/../../../libmingw32.a(CRTglob.o)
 .text          0x00401430        0x0 C:/Program Files/CodeBlocks/MinGW/bin/../lib/gcc/mingw32/4.9.2/../../../libmingw32.a(CRTfmode.o)
 .text          0x00401430        0x0 C:/Program Files/CodeBlocks/MinGW/bin/../lib/gcc/mingw32/4.9.2/../../../libmingw32.a(txtmode.o)
 .text          0x00401430       0xe0 C:/Program Files/CodeBlocks/MinGW/bin/../lib/gcc/mingw32/4.9.2/../../../libmingw32.a(cpu_features.o)
                0x00401430                __cpu_features_init
 .text          0x00401510       0x10 C:/Program Files/CodeBlocks/MinGW/bin/../lib/gcc/mingw32/4.9.2/../../../libmingw32.a(CRT_fp10.o)
                0x00401510                fpreset
                0x00401510                _fpreset
 .text          0x00401520      0x350 C:/Program Files/CodeBlocks/MinGW/bin/../lib/gcc/mingw32/4.9.2/../../../libmingw32.a(pseudo-reloc.o)
                0x00401690                _pei386_runtime_relocator
 .text          0x00401870       0xa0 C:/Program Files/CodeBlocks/MinGW/bin/../lib/gcc/mingw32/4.9.2/../../../libmingw32.a(gccmain.o)
                0x00401870                __do_global_dtors
                0x004018a0                __do_global_ctors
                0x004018f0                __main
 .text          0x00401910        0x0 C:/Program Files/CodeBlocks/MinGW/bin/../lib/gcc/mingw32/4.9.2/../../../libmingw32.a(main.o)
 .text          0x00401910        0x0 C:/Program Files/CodeBlocks/MinGW/bin/../lib/gcc/mingw32/4.9.2/../../../libmingw32.a(crtst.o)
 .text          0x00401910      0x220 C:/Program Files/CodeBlocks/MinGW/bin/../lib/gcc/mingw32/4.9.2/../../../libmingw32.a(tlsthrd.o)
                0x00401970                ___w64_mingwthr_add_key_dtor
                0x00401a00                ___w64_mingwthr_remove_key_dtor
                0x00401a90                __mingw_TLScallback
 .text          0x00401b30        0x0 C:/Program Files/CodeBlocks/MinGW/bin/../lib/gcc/mingw32/4.9.2/../../../libmingw32.a(pseudo-reloc-list.o)
 .text          0x00401b30        0x0 C:/Program Files/CodeBlocks/MinGW/bin/../lib/gcc/mingw32/4.9.2/libgcc.a(_ctors.o)
 .text          0x00401b30        0x0 C:/Program Files/CodeBlocks/MinGW/bin/../lib/gcc/mingw32/4.9.2/../../../libmsvcrt.a(dsnos00266.o)
 .text          0x00401b30        0x0 C:/Program Files/CodeBlocks/MinGW/bin/../lib/gcc/mingw32/4.9.2/../../../libmsvcrt.a(dsnos00590.o)
 .text          0x00401b30        0x0 C:/Program Files/CodeBlocks/MinGW/bin/../lib/gcc/mingw32/4.9.2/../../../libmsvcrt.a(dsnos00383.o)
 .text          0x00401b30        0x8 C:/Program Files/CodeBlocks/MinGW/bin/../lib/gcc/mingw32/4.9.2/../../../libmsvcrt.a(dsnos00055.o)
                0x00401b30                __getmainargs
 .text          0x00401b38        0x8 C:/Program Files/CodeBlocks/MinGW/bin/../lib/gcc/mingw32/4.9.2/../../../libmsvcrt.a(dsnos00426.o)
                0x00401b38                _setmode
 .text          0x00401b40        0x8 C:/Program Files/CodeBlocks/MinGW/bin/../lib/gcc/mingw32/4.9.2/../../../libmsvcrt.a(dsnos00079.o)
                0x00401b40                __p__fmode
 .text          0x00401b48        0x8 C:/Program Files/CodeBlocks/MinGW/bin/../lib/gcc/mingw32/4.9.2/../../../libmsvcrt.a(dsnos00077.o)
                0x00401b48                __p__environ
 .text          0x00401b50        0x8 C:/Program Files/CodeBlocks/MinGW/bin/../lib/gcc/mingw32/4.9.2/../../../libmsvcrt.a(dsnos00147.o)
                0x00401b50                _cexit
 .text          0x00401b58        0x8 C:/Program Files/CodeBlocks/MinGW/bin/../lib/gcc/mingw32/4.9.2/../../../libmsvcrt.a(dsnos00706.o)
                0x00401b58                signal
 .text          0x00401b60        0x8 C:/Program Files/CodeBlocks/MinGW/bin/../lib/gcc/mingw32/4.9.2/../../../libmsvcrt.a(dsnos00717.o)
                0x00401b60                strcpy
 .text          0x00401b68        0x8 C:/Program Files/CodeBlocks/MinGW/bin/../lib/gcc/mingw32/4.9.2/../../../libmsvcrt.a(dsnos00709.o)
                0x00401b68                sprintf
 .text          0x00401b70        0x8 C:/Program Files/CodeBlocks/MinGW/bin/../lib/gcc/mingw32/4.9.2/../../../libmsvcrt.a(dsnos00713.o)
                0x00401b70                strcat
 .text          0x00401b78        0x8 C:/Program Files/CodeBlocks/MinGW/bin/../lib/gcc/mingw32/4.9.2/../../../libmsvcrt.a(dsnos00676.o)
                0x00401b78                malloc
 .text          0x00401b80        0x8 C:/Program Files/CodeBlocks/MinGW/bin/../lib/gcc/mingw32/4.9.2/../../../libmsvcrt.a(dsnos00625.o)
                0x00401b80                free
 .text          0x00401b88        0x8 C:/Program Files/CodeBlocks/MinGW/bin/../lib/gcc/mingw32/4.9.2/../../../libmsvcrt.a(dsnos00595.o)
                0x00401b88                calloc
 .text          0x00401b90        0x8 C:/Program Files/CodeBlocks/MinGW/bin/../lib/gcc/mingw32/4.9.2/../../../libmsvcrt.a(dsnos00633.o)
                0x00401b90                fwrite
 .text          0x00401b98        0x8 C:/Program Files/CodeBlocks/MinGW/bin/../lib/gcc/mingw32/4.9.2/../../../libmsvcrt.a(dsnos00748.o)
                0x00401b98                vfprintf
 .text          0x00401ba0        0x8 C:/Program Files/CodeBlocks/MinGW/bin/../lib/gcc/mingw32/4.9.2/../../../libmsvcrt.a(dsnos00583.o)
                0x00401ba0                abort
 .text          0x00401ba8        0x8 C:/Program Files/CodeBlocks/MinGW/bin/../lib/gcc/mingw32/4.9.2/../../../libmsvcrt.a(dsnos00682.o)
                0x00401ba8                memcpy
 .text          0x00401bb0        0x0 C:/Program Files/CodeBlocks/MinGW/bin/../lib/gcc/mingw32/4.9.2/../../../libmsvcrt.a(dsnoh.o)
 .text          0x00401bb0        0x0 C:/Program Files/CodeBlocks/MinGW/bin/../lib/gcc/mingw32/4.9.2/../../../libmsvcrt.a(dsnot.o)
 .text          0x00401bb0        0x8 C:/Program Files/CodeBlocks/MinGW/bin/../lib/gcc/mingw32/4.9.2/../../../libgdi32.a(dkfhs00073.o)
                0x00401bb0                DeleteObject@4
 .text          0x00401bb8        0x8 C:/Program Files/CodeBlocks/MinGW/bin/../lib/gcc/mingw32/4.9.2/../../../libgdi32.a(dkfhs00070.o)
                0x00401bb8                DeleteDC@4
 .text          0x00401bc0        0x8 C:/Program Files/CodeBlocks/MinGW/bin/../lib/gcc/mingw32/4.9.2/../../../libgdi32.a(dkfhs00334.o)
                0x00401bc0                StretchBlt@44
 .text          0x00401bc8        0x8 C:/Program Files/CodeBlocks/MinGW/bin/../lib/gcc/mingw32/4.9.2/../../../libgdi32.a(dkfhs00034.o)
                0x00401bc8                CreateCompatibleDC@4
 .text          0x00401bd0        0x8 C:/Program Files/CodeBlocks/MinGW/bin/../lib/gcc/mingw32/4.9.2/../../../libgdi32.a(dkfhs00039.o)
                0x00401bd0                CreateDIBSection@24
 .text          0x00401bd8        0x8 C:/Program Files/CodeBlocks/MinGW/bin/../lib/gcc/mingw32/4.9.2/../../../libgdi32.a(dkfhs00281.o)
                0x00401bd8                SelectObject@8
 .text          0x00401be0        0x8 C:/Program Files/CodeBlocks/MinGW/bin/../lib/gcc/mingw32/4.9.2/../../../libgdi32.a(dkfhs00177.o)
                0x00401be0                GetMapMode@4
 .text          0x00401be8        0x8 C:/Program Files/CodeBlocks/MinGW/bin/../lib/gcc/mingw32/4.9.2/../../../libgdi32.a(dkfhs00306.o)
                0x00401be8                SetMapMode@8
 .text          0x00401bf0        0x8 C:/Program Files/CodeBlocks/MinGW/bin/../lib/gcc/mingw32/4.9.2/../../../libgdi32.a(dkfhs00185.o)
                0x00401bf0                GetObjectA@12
 .text          0x00401bf8        0x8 C:/Program Files/CodeBlocks/MinGW/bin/../lib/gcc/mingw32/4.9.2/../../../libgdi32.a(dkfhs00068.o)
                0x00401bf8                DPtoLP@12
 .text          0x00401c00        0x8 C:/Program Files/CodeBlocks/MinGW/bin/../lib/gcc/mingw32/4.9.2/../../../libgdi32.a(dkfhs00012.o)
                0x00401c00                BitBlt@36
 .text          0x00401c08        0x0 C:/Program Files/CodeBlocks/MinGW/bin/../lib/gcc/mingw32/4.9.2/../../../libgdi32.a(dkfhh.o)
 .text          0x00401c08        0x0 C:/Program Files/CodeBlocks/MinGW/bin/../lib/gcc/mingw32/4.9.2/../../../libgdi32.a(dkfht.o)
 .text          0x00401c08        0x8 C:/Program Files/CodeBlocks/MinGW/bin/../lib/gcc/mingw32/4.9.2/../../../libuser32.a(daois00182.o)
                0x00401c08                EndDialog@8
 .text          0x00401c10        0x8 C:/Program Files/CodeBlocks/MinGW/bin/../lib/gcc/mingw32/4.9.2/../../../libuser32.a(daois00529.o)
                0x00401c10                SetDlgItemInt@16
 .text          0x00401c18        0x8 C:/Program Files/CodeBlocks/MinGW/bin/../lib/gcc/mingw32/4.9.2/../../../libuser32.a(daois00434.o)
                0x00401c18                MessageBoxA@16
 .text          0x00401c20        0x8 C:/Program Files/CodeBlocks/MinGW/bin/../lib/gcc/mingw32/4.9.2/../../../libuser32.a(daois00405.o)
                0x00401c20                LoadCursorA@8
 .text          0x00401c28        0x8 C:/Program Files/CodeBlocks/MinGW/bin/../lib/gcc/mingw32/4.9.2/../../../libuser32.a(daois00403.o)
                0x00401c28                LoadBitmapA@8
 .text          0x00401c30        0x8 C:/Program Files/CodeBlocks/MinGW/bin/../lib/gcc/mingw32/4.9.2/../../../libuser32.a(daois00505.o)
                0x00401c30                SendDlgItemMessageA@20
 .text          0x00401c38        0x8 C:/Program Files/CodeBlocks/MinGW/bin/../lib/gcc/mingw32/4.9.2/../../../libuser32.a(daois00530.o)
                0x00401c38                SetDlgItemTextA@12
 .text          0x00401c40        0x8 C:/Program Files/CodeBlocks/MinGW/bin/../lib/gcc/mingw32/4.9.2/../../../libuser32.a(daois00468.o)
                0x00401c40                PostQuitMessage@4
 .text          0x00401c48        0x8 C:/Program Files/CodeBlocks/MinGW/bin/../lib/gcc/mingw32/4.9.2/../../../libuser32.a(daois00254.o)
                0x00401c48                GetDlgItemInt@16
 .text          0x00401c50        0x8 C:/Program Files/CodeBlocks/MinGW/bin/../lib/gcc/mingw32/4.9.2/../../../libuser32.a(daois00134.o)
                0x00401c50                DefWindowProcA@16
 .text          0x00401c58        0x8 C:/Program Files/CodeBlocks/MinGW/bin/../lib/gcc/mingw32/4.9.2/../../../libuser32.a(daois00585.o)
                0x00401c58                ShowWindow@8
 .text          0x00401c60        0x8 C:/Program Files/CodeBlocks/MinGW/bin/../lib/gcc/mingw32/4.9.2/../../../libuser32.a(daois00608.o)
                0x00401c60                TranslateMessage@4
 .text          0x00401c68        0x8 C:/Program Files/CodeBlocks/MinGW/bin/../lib/gcc/mingw32/4.9.2/../../../libuser32.a(daois00149.o)
                0x00401c68                DispatchMessageA@4
 .text          0x00401c70        0x8 C:/Program Files/CodeBlocks/MinGW/bin/../lib/gcc/mingw32/4.9.2/../../../libuser32.a(daois00293.o)
                0x00401c70                GetMessageA@16
 .text          0x00401c78        0x8 C:/Program Files/CodeBlocks/MinGW/bin/../lib/gcc/mingw32/4.9.2/../../../libuser32.a(daois00480.o)
                0x00401c78                RegisterClassExA@4
 .text          0x00401c80        0x8 C:/Program Files/CodeBlocks/MinGW/bin/../lib/gcc/mingw32/4.9.2/../../../libuser32.a(daois00080.o)
                0x00401c80                CreateDialogParamA@20
 .text          0x00401c88        0x8 C:/Program Files/CodeBlocks/MinGW/bin/../lib/gcc/mingw32/4.9.2/../../../libuser32.a(daois00248.o)
                0x00401c88                GetDC@4
 .text          0x00401c90        0x8 C:/Program Files/CodeBlocks/MinGW/bin/../lib/gcc/mingw32/4.9.2/../../../libuser32.a(daois00508.o)
                0x00401c90                SendMessageA@16
 .text          0x00401c98        0x8 C:/Program Files/CodeBlocks/MinGW/bin/../lib/gcc/mingw32/4.9.2/../../../libuser32.a(daois00253.o)
                0x00401c98                GetDlgItem@8
 .text          0x00401ca0        0x8 C:/Program Files/CodeBlocks/MinGW/bin/../lib/gcc/mingw32/4.9.2/../../../libuser32.a(daois00348.o)
                0x00401ca0                GetWindowRect@8
 .text          0x00401ca8        0x8 C:/Program Files/CodeBlocks/MinGW/bin/../lib/gcc/mingw32/4.9.2/../../../libuser32.a(daois00520.o)
                0x00401ca8                SetClassLongA@12
 .text          0x00401cb0        0x0 C:/Program Files/CodeBlocks/MinGW/bin/../lib/gcc/mingw32/4.9.2/../../../libuser32.a(daoih.o)
 .text          0x00401cb0        0x0 C:/Program Files/CodeBlocks/MinGW/bin/../lib/gcc/mingw32/4.9.2/../../../libuser32.a(daoit.o)
 .text          0x00401cb0        0x8 C:/Program Files/CodeBlocks/MinGW/bin/../lib/gcc/mingw32/4.9.2/../../../libkernel32.a(dchds01140.o)
                0x00401cb0                SetUnhandledExceptionFilter@4
 .text          0x00401cb8        0x8 C:/Program Files/CodeBlocks/MinGW/bin/../lib/gcc/mingw32/4.9.2/../../../libkernel32.a(dchds00279.o)
                0x00401cb8                ExitProcess@4
 .text          0x00401cc0        0x8 C:/Program Files/CodeBlocks/MinGW/bin/../lib/gcc/mingw32/4.9.2/../../../libkernel32.a(dchds00529.o)
                0x00401cc0                GetModuleHandleA@4
 .text          0x00401cc8        0x8 C:/Program Files/CodeBlocks/MinGW/bin/../lib/gcc/mingw32/4.9.2/../../../libkernel32.a(dchds00577.o)
                0x00401cc8                GetProcAddress@8
 .text          0x00401cd0        0x8 C:/Program Files/CodeBlocks/MinGW/bin/../lib/gcc/mingw32/4.9.2/../../../libkernel32.a(dchds00179.o)
                0x00401cd0                CreateThread@24
 .text          0x00401cd8        0x8 C:/Program Files/CodeBlocks/MinGW/bin/../lib/gcc/mingw32/4.9.2/../../../libkernel32.a(dchds00892.o)
                0x00401cd8                OutputDebugStringA@4
 .text          0x00401ce0        0x8 C:/Program Files/CodeBlocks/MinGW/bin/../lib/gcc/mingw32/4.9.2/../../../libkernel32.a(dchds00450.o)
                0x00401ce0                GetCurrentThread@0
 .text          0x00401ce8        0x8 C:/Program Files/CodeBlocks/MinGW/bin/../lib/gcc/mingw32/4.9.2/../../../libkernel32.a(dchds01129.o)
                0x00401ce8                SetThreadPriority@8
 .text          0x00401cf0        0x8 C:/Program Files/CodeBlocks/MinGW/bin/../lib/gcc/mingw32/4.9.2/../../../libkernel32.a(dchds01152.o)
                0x00401cf0                Sleep@4
 .text          0x00401cf8        0x8 C:/Program Files/CodeBlocks/MinGW/bin/../lib/gcc/mingw32/4.9.2/../../../libkernel32.a(dchds00734.o)
                0x00401cf8                InitializeCriticalSection@4
 .text          0x00401d00        0x8 C:/Program Files/CodeBlocks/MinGW/bin/../lib/gcc/mingw32/4.9.2/../../../libkernel32.a(dchds00129.o)
                0x00401d00                CreateEventA@16
 .text          0x00401d08        0x8 C:/Program Files/CodeBlocks/MinGW/bin/../lib/gcc/mingw32/4.9.2/../../../libkernel32.a(dchds00236.o)
                0x00401d08                EnterCriticalSection@4
 .text          0x00401d10        0x8 C:/Program Files/CodeBlocks/MinGW/bin/../lib/gcc/mingw32/4.9.2/../../../libkernel32.a(dchds00814.o)
                0x00401d10                LeaveCriticalSection@4
 .text          0x00401d18        0x8 C:/Program Files/CodeBlocks/MinGW/bin/../lib/gcc/mingw32/4.9.2/../../../libkernel32.a(dchds01065.o)
                0x00401d18                SetEvent@4
 .text          0x00401d20        0x8 C:/Program Files/CodeBlocks/MinGW/bin/../lib/gcc/mingw32/4.9.2/../../../libkernel32.a(dchds01223.o)
                0x00401d20                WaitForSingleObject@8
 .text          0x00401d28        0x8 C:/Program Files/CodeBlocks/MinGW/bin/../lib/gcc/mingw32/4.9.2/../../../libkernel32.a(dchds01215.o)
                0x00401d28                VirtualQuery@12
 .text          0x00401d30        0x8 C:/Program Files/CodeBlocks/MinGW/bin/../lib/gcc/mingw32/4.9.2/../../../libkernel32.a(dchds01213.o)
                0x00401d30                VirtualProtect@16
 .text          0x00401d38        0x8 C:/Program Files/CodeBlocks/MinGW/bin/../lib/gcc/mingw32/4.9.2/../../../libkernel32.a(dchds00388.o)
                0x00401d38                GetCommandLineA@0
 .text          0x00401d40        0x8 C:/Program Files/CodeBlocks/MinGW/bin/../lib/gcc/mingw32/4.9.2/../../../libkernel32.a(dchds00606.o)
                0x00401d40                GetStartupInfoA@4
 .text          0x00401d48        0x8 C:/Program Files/CodeBlocks/MinGW/bin/../lib/gcc/mingw32/4.9.2/../../../libkernel32.a(dchds01173.o)
                0x00401d48                TlsGetValue@4
 .text          0x00401d50        0x8 C:/Program Files/CodeBlocks/MinGW/bin/../lib/gcc/mingw32/4.9.2/../../../libkernel32.a(dchds00510.o)
                0x00401d50                GetLastError@0
 .text          0x00401d58        0x8 C:/Program Files/CodeBlocks/MinGW/bin/../lib/gcc/mingw32/4.9.2/../../../libkernel32.a(dchds00207.o)
                0x00401d58                DeleteCriticalSection@4
 .text          0x00401d60        0x0 C:/Program Files/CodeBlocks/MinGW/bin/../lib/gcc/mingw32/4.9.2/../../../libkernel32.a(dchdh.o)
 .text          0x00401d60        0x0 C:/Program Files/CodeBlocks/MinGW/bin/../lib/gcc/mingw32/4.9.2/../../../libkernel32.a(dchdt.o)
 .text          0x00401d60        0x0 C:/Program Files/CodeBlocks/MinGW/bin/../lib/gcc/mingw32/4.9.2/crtend.o
 *(SORT(.text$*))
 .text$BSP_adc_canal
                0x00401d60       0x1c dbg/bsp.o
                0x00401d60                BSP_adc_canal
 .text$BSP_adc_celda
                0x00401d7c       0x24 dbg/bsp.o
                0x00401d7c                BSP_adc_celda
 .text$BSP_adc_convert
                0x00401da0        0x4 dbg/bsp.o
                0x00401da0                BSP_adc_convert
 .text$BSP_adc_int_off
                0x00401da4        0x4 dbg/bsp.o
                0x00401da4                BSP_adc_int_off
 .text$BSP_adc_int_on
                0x00401da8        0x4 dbg/bsp.o
                0x00401da8                BSP_adc_int_on
 .text$BSP_adc_sel_celda
                0x00401dac       0x1c dbg/bsp.o
                0x00401dac                BSP_adc_sel_celda
 .text$BSP_adc_start
                0x00401dc8        0x4 dbg/bsp.o
                0x00401dc8                BSP_adc_start
 .text$BSP_adc_stop
                0x00401dcc        0x4 dbg/bsp.o
                0x00401dcc                BSP_adc_stop
 .text$BSP_config_adc
                0x00401dd0        0x4 dbg/bsp.o
                0x00401dd0                BSP_config_adc
 .text$BSP_config_pwm
                0x00401dd4        0x4 dbg/bsp.o
                0x00401dd4                BSP_config_pwm
 .text$BSP_init
                0x00401dd8       0x14 dbg/bsp.o
                0x00401dd8                BSP_init
 .text$BSP_isThrottle
                0x00401dec       0x18 dbg/bsp.o
                0x00401dec                BSP_isThrottle
 .text$BSP_led_off
                0x00401e04        0x4 dbg/bsp.o
                0x00401e04                BSP_led_off
 .text$BSP_led_on
                0x00401e08       0x64 dbg/bsp.o
                0x00401e08                BSP_led_on
 .text$BSP_led_toggle
                0x00401e6c       0x58 dbg/bsp.o
                0x00401e6c                BSP_led_toggle
 .text$BSP_pwm_activar
                0x00401ec4        0x4 dbg/bsp.o
                0x00401ec4                BSP_pwm_activar
 .text$BSP_pwm_apagar
                0x00401ec8        0x4 dbg/bsp.o
                0x00401ec8                BSP_pwm_apagar
 .text$BSP_pwm_int_off
                0x00401ecc        0x4 dbg/bsp.o
                0x00401ecc                BSP_pwm_int_off
 .text$BSP_pwm_int_on
                0x00401ed0        0x4 dbg/bsp.o
                0x00401ed0                BSP_pwm_int_on
 .text$BSP_pwm_update
                0x00401ed4      0x14c dbg/bsp.o
                0x00401ed4                BSP_pwm_update
 .text$BSP_terminate
                0x00402020       0x6c dbg/bsp.o
                0x00402020                BSP_terminate
 .text$BSP_updateScore
                0x0040208c       0x6c dbg/bsp.o
                0x0040208c                BSP_updateScore
 .text$Control_apagado
                0x004020f8       0x64 dbg/control.o
 .text$Control_ctor
                0x0040215c       0x58 dbg/control.o
                0x0040215c                Control_ctor
 .text$Control_encendido
                0x004021b4      0x1e8 dbg/control.o
 .text$Control_initial
                0x0040239c       0x3c dbg/control.o
 .text$CreateCustDialog
                0x004023d8       0xfc ../qpc_win//ports/win32-qv/dbg/libqp.a(qwin_gui.o)
                0x004023d8                CreateCustDialog
 .text$DrawBitmap
                0x004024d4      0x110 ../qpc_win//ports/win32-qv/dbg/libqp.a(qwin_gui.o)
                0x004024d4                DrawBitmap
 .text$GraphicDisplay_clear
                0x004025e4       0x3c ../qpc_win//ports/win32-qv/dbg/libqp.a(qwin_gui.o)
                0x004025e4                GraphicDisplay_clear
 .text$GraphicDisplay_init
                0x00402620      0x120 ../qpc_win//ports/win32-qv/dbg/libqp.a(qwin_gui.o)
                0x00402620                GraphicDisplay_init
 .text$GraphicDisplay_redraw
                0x00402740       0x64 ../qpc_win//ports/win32-qv/dbg/libqp.a(qwin_gui.o)
                0x00402740                GraphicDisplay_redraw
 .text$GraphicDisplay_xtor
                0x004027a4       0x38 ../qpc_win//ports/win32-qv/dbg/libqp.a(qwin_gui.o)
                0x004027a4                GraphicDisplay_xtor
 .text$Medicion_apagado
                0x004027dc       0x80 dbg/medicion.o
 .text$Medicion_ctor
                0x0040285c       0x74 dbg/medicion.o
                0x0040285c                Medicion_ctor
 .text$Medicion_encendido
                0x004028d0      0x1d4 dbg/medicion.o
 .text$Medicion_initial
                0x00402aa4       0x3c dbg/medicion.o
 .text$OwnerDrawnButton_draw
                0x00402ae0       0xdc ../qpc_win//ports/win32-qv/dbg/libqp.a(qwin_gui.o)
                0x00402ae0                OwnerDrawnButton_draw
 .text$OwnerDrawnButton_init
                0x00402bbc       0x28 ../qpc_win//ports/win32-qv/dbg/libqp.a(qwin_gui.o)
                0x00402bbc                OwnerDrawnButton_init
 .text$OwnerDrawnButton_isDepressed
                0x00402be4        0x8 ../qpc_win//ports/win32-qv/dbg/libqp.a(qwin_gui.o)
                0x00402be4                OwnerDrawnButton_isDepressed
 .text$OwnerDrawnButton_set
                0x00402bec       0x8c ../qpc_win//ports/win32-qv/dbg/libqp.a(qwin_gui.o)
                0x00402bec                OwnerDrawnButton_set
 .text$OwnerDrawnButton_xtor
                0x00402c78       0x38 ../qpc_win//ports/win32-qv/dbg/libqp.a(qwin_gui.o)
                0x00402c78                OwnerDrawnButton_xtor
 .text$QActive_ctor
                0x00402cb0       0x34 ../qpc_win//ports/win32-qv/dbg/libqp.a(qf_qact.o)
                0x00402cb0                QActive_ctor
 .text$QActive_get_
                0x00402ce4       0x8c ../qpc_win//ports/win32-qv/dbg/libqp.a(qf_actq.o)
                0x00402ce4                QActive_get_
 .text$QActive_postLIFO_
                0x00402d70       0xe4 ../qpc_win//ports/win32-qv/dbg/libqp.a(qf_actq.o)
                0x00402d70                QActive_postLIFO_
 .text$QActive_post_
                0x00402e54      0x118 ../qpc_win//ports/win32-qv/dbg/libqp.a(qf_actq.o)
                0x00402e54                QActive_post_
 .text$QActive_start_
                0x00402f6c       0x74 ../qpc_win//ports/win32-qv/dbg/libqp.a(qf_port.o)
                0x00402f6c                QActive_start_
 .text$QActive_stop
                0x00402fe0       0x28 ../qpc_win//ports/win32-qv/dbg/libqp.a(qf_port.o)
                0x00402fe0                QActive_stop
 .text$QActive_subscribe
                0x00403008       0x90 ../qpc_win//ports/win32-qv/dbg/libqp.a(qf_ps.o)
                0x00403008                QActive_subscribe
 .text$QActive_unsubscribe
                0x00403098       0x90 ../qpc_win//ports/win32-qv/dbg/libqp.a(qf_ps.o)
                0x00403098                QActive_unsubscribe
 .text$QActive_unsubscribeAll
                0x00403128       0xd8 ../qpc_win//ports/win32-qv/dbg/libqp.a(qf_ps.o)
                0x00403128                QActive_unsubscribeAll
 .text$QEQueue_get
                0x00403200       0x74 ../qpc_win//ports/win32-qv/dbg/libqp.a(qf_qeq.o)
                0x00403200                QEQueue_get
 .text$QEQueue_init
                0x00403274       0x40 ../qpc_win//ports/win32-qv/dbg/libqp.a(qf_qeq.o)
                0x00403274                QEQueue_init
 .text$QEQueue_post
                0x004032b4       0xc4 ../qpc_win//ports/win32-qv/dbg/libqp.a(qf_qeq.o)
                0x004032b4                QEQueue_post
 .text$QEQueue_postLIFO
                0x00403378       0x94 ../qpc_win//ports/win32-qv/dbg/libqp.a(qf_qeq.o)
                0x00403378                QEQueue_postLIFO
 .text$QF_LOG2  0x0040340c       0x4c ../qpc_win//ports/win32-qv/dbg/libqp.a(qf_act.o)
                0x0040340c                QF_LOG2
 .text$QF_add_  0x00403458       0x50 ../qpc_win//ports/win32-qv/dbg/libqp.a(qf_act.o)
                0x00403458                QF_add_
 .text$QF_bzero
                0x004034a8       0x24 ../qpc_win//ports/win32-qv/dbg/libqp.a(qf_act.o)
                0x004034a8                QF_bzero
 .text$QF_enterCriticalSection_
                0x004034cc       0x18 ../qpc_win//ports/win32-qv/dbg/libqp.a(qf_port.o)
                0x004034cc                QF_enterCriticalSection_
 .text$QF_gc    0x004034e4       0x78 ../qpc_win//ports/win32-qv/dbg/libqp.a(qf_dyn.o)
                0x004034e4                QF_gc
 .text$QF_getPoolMin
                0x0040355c       0x48 ../qpc_win//ports/win32-qv/dbg/libqp.a(qf_mem.o)
                0x0040355c                QF_getPoolMin
 .text$QF_getQueueMin
                0x004035a4       0x4c ../qpc_win//ports/win32-qv/dbg/libqp.a(qf_actq.o)
                0x004035a4                QF_getQueueMin
 .text$QF_init  0x004035f0       0x74 ../qpc_win//ports/win32-qv/dbg/libqp.a(qf_port.o)
                0x004035f0                QF_init
 .text$QF_leaveCriticalSection_
                0x00403664       0x18 ../qpc_win//ports/win32-qv/dbg/libqp.a(qf_port.o)
                0x00403664                QF_leaveCriticalSection_
 .text$QF_newRef_
                0x0040367c       0x44 ../qpc_win//ports/win32-qv/dbg/libqp.a(qf_dyn.o)
                0x0040367c                QF_newRef_
 .text$QF_newX_
                0x004036c0       0xe0 ../qpc_win//ports/win32-qv/dbg/libqp.a(qf_dyn.o)
                0x004036c0                QF_newX_
 .text$QF_noTimeEvtsActiveX
                0x004037a0       0x54 ../qpc_win//ports/win32-qv/dbg/libqp.a(qf_time.o)
                0x004037a0                QF_noTimeEvtsActiveX
 .text$QF_onCleanup
                0x004037f4        0x4 dbg/bsp.o
                0x004037f4                QF_onCleanup
 .text$QF_onClockTick
                0x004037f8      0x1d8 dbg/bsp.o
                0x004037f8                QF_onClockTick
 .text$QF_onStartup
                0x004039d0       0x14 dbg/bsp.o
                0x004039d0                QF_onStartup
 .text$QF_poolGetMaxBlockSize
                0x004039e4       0x14 ../qpc_win//ports/win32-qv/dbg/libqp.a(qf_dyn.o)
                0x004039e4                QF_poolGetMaxBlockSize
 .text$QF_poolInit
                0x004039f8       0x94 ../qpc_win//ports/win32-qv/dbg/libqp.a(qf_dyn.o)
                0x004039f8                QF_poolInit
 .text$QF_psInit
                0x00403a8c       0x2c ../qpc_win//ports/win32-qv/dbg/libqp.a(qf_ps.o)
                0x00403a8c                QF_psInit
 .text$QF_publish_
                0x00403ab8      0x130 ../qpc_win//ports/win32-qv/dbg/libqp.a(qf_ps.o)
                0x00403ab8                QF_publish_
 .text$QF_remove_
                0x00403be8       0x5c ../qpc_win//ports/win32-qv/dbg/libqp.a(qf_act.o)
                0x00403be8                QF_remove_
 .text$QF_run   0x00403c44      0x180 ../qpc_win//ports/win32-qv/dbg/libqp.a(qf_port.o)
                0x00403c44                QF_run
 .text$QF_setTickRate
                0x00403dc4       0x14 ../qpc_win//ports/win32-qv/dbg/libqp.a(qf_port.o)
                0x00403dc4                QF_setTickRate
 .text$QF_stop  0x00403dd8       0x20 ../qpc_win//ports/win32-qv/dbg/libqp.a(qf_port.o)
                0x00403dd8                QF_stop
 .text$QF_tickX_
                0x00403df8       0xf0 ../qpc_win//ports/win32-qv/dbg/libqp.a(qf_time.o)
                0x00403df8                QF_tickX_
 .text$QHsm_childState_
                0x00403ee8       0x5c ../qpc_win//ports/win32-qv/dbg/libqp.a(qep_hsm.o)
                0x00403ee8                QHsm_childState_
 .text$QHsm_ctor
                0x00403f44       0x1c ../qpc_win//ports/win32-qv/dbg/libqp.a(qep_hsm.o)
                0x00403f44                QHsm_ctor
 .text$QHsm_dispatch_
                0x00403f60      0x32c ../qpc_win//ports/win32-qv/dbg/libqp.a(qep_hsm.o)
                0x00403f60                QHsm_dispatch_
 .text$QHsm_init_
                0x0040428c      0x100 ../qpc_win//ports/win32-qv/dbg/libqp.a(qep_hsm.o)
                0x0040428c                QHsm_init_
 .text$QHsm_isIn
                0x0040438c       0x5c ../qpc_win//ports/win32-qv/dbg/libqp.a(qep_hsm.o)
                0x0040438c                QHsm_isIn
 .text$QHsm_top
                0x004043e8        0x8 ../qpc_win//ports/win32-qv/dbg/libqp.a(qep_hsm.o)
                0x004043e8                QHsm_top
 .text$QMPool_get
                0x004043f0       0xb0 ../qpc_win//ports/win32-qv/dbg/libqp.a(qf_mem.o)
                0x004043f0                QMPool_get
 .text$QMPool_init
                0x004044a0       0xd4 ../qpc_win//ports/win32-qv/dbg/libqp.a(qf_mem.o)
                0x004044a0                QMPool_init
 .text$QMPool_put
                0x00404574       0x54 ../qpc_win//ports/win32-qv/dbg/libqp.a(qf_mem.o)
                0x00404574                QMPool_put
 .text$QTicker_ctor
                0x004045c8       0x34 ../qpc_win//ports/win32-qv/dbg/libqp.a(qf_actq.o)
                0x004045c8                QTicker_ctor
 .text$QTicker_dispatch_
                0x004045fc       0x3c ../qpc_win//ports/win32-qv/dbg/libqp.a(qf_actq.o)
 .text$QTicker_init_
                0x00404638        0xc ../qpc_win//ports/win32-qv/dbg/libqp.a(qf_actq.o)
 .text$QTicker_postLIFO_
                0x00404644       0x1c ../qpc_win//ports/win32-qv/dbg/libqp.a(qf_actq.o)
 .text$QTicker_post_
                0x00404660       0x84 ../qpc_win//ports/win32-qv/dbg/libqp.a(qf_actq.o)
 .text$QTimeEvt_armX
                0x004046e4       0xa4 ../qpc_win//ports/win32-qv/dbg/libqp.a(qf_time.o)
                0x004046e4                QTimeEvt_armX
 .text$QTimeEvt_ctorX
                0x00404788       0x60 ../qpc_win//ports/win32-qv/dbg/libqp.a(qf_time.o)
                0x00404788                QTimeEvt_ctorX
 .text$QTimeEvt_ctr
                0x004047e8       0x1c ../qpc_win//ports/win32-qv/dbg/libqp.a(qf_time.o)
                0x004047e8                QTimeEvt_ctr
 .text$QTimeEvt_disarm
                0x00404804       0x34 ../qpc_win//ports/win32-qv/dbg/libqp.a(qf_time.o)
                0x00404804                QTimeEvt_disarm
 .text$QTimeEvt_rearm
                0x00404838       0xac ../qpc_win//ports/win32-qv/dbg/libqp.a(qf_time.o)
                0x00404838                QTimeEvt_rearm
 .text$QV_onIdle
                0x004048e4       0x14 dbg/bsp.o
                0x004048e4                QV_onIdle
 .text$Q_onAssert
                0x004048f8       0x78 dbg/bsp.o
                0x004048f8                Q_onAssert
 .text$SegmentDisplay_init
                0x00404970       0x78 ../qpc_win//ports/win32-qv/dbg/libqp.a(qwin_gui.o)
                0x00404970                SegmentDisplay_init
 .text$SegmentDisplay_initBitmap
                0x004049e8       0x28 ../qpc_win//ports/win32-qv/dbg/libqp.a(qwin_gui.o)
                0x004049e8                SegmentDisplay_initBitmap
 .text$SegmentDisplay_initSegment
                0x00404a10       0x4c ../qpc_win//ports/win32-qv/dbg/libqp.a(qwin_gui.o)
                0x00404a10                SegmentDisplay_initSegment
 .text$SegmentDisplay_setSegment
                0x00404a5c       0x54 ../qpc_win//ports/win32-qv/dbg/libqp.a(qwin_gui.o)
                0x00404a5c                SegmentDisplay_setSegment
 .text$SegmentDisplay_xtor
                0x00404ab0       0x6c ../qpc_win//ports/win32-qv/dbg/libqp.a(qwin_gui.o)
                0x00404ab0                SegmentDisplay_xtor
 .text$WinMain  0x00404b1c       0xac dbg/bsp.o
                0x00404b1c                WinMain@16
 .text$WndProc  0x00404bc8      0x764 dbg/bsp.o
 .text$appThread
                0x0040532c       0x10 dbg/bsp.o
 .text$main_gui
                0x0040533c       0xcc dbg/main.o
                0x0040533c                main_gui
 .text$sim_bat_free
                0x00405408       0x20 dbg/sim_bat.o
                0x00405408                sim_bat_free
 .text$sim_bat_get_corriente
                0x00405428       0x30 dbg/sim_bat.o
                0x00405428                sim_bat_get_corriente
 .text$sim_bat_get_tension
                0x00405458       0x30 dbg/sim_bat.o
                0x00405458                sim_bat_get_tension
 .text$sim_bat_init
                0x00405488       0x70 dbg/sim_bat.o
                0x00405488                sim_bat_init
 .text$sim_bat_set_corriente
                0x004054f8       0x30 dbg/sim_bat.o
                0x004054f8                sim_bat_set_corriente
 .text$sim_bat_set_tension
                0x00405528       0x2c dbg/sim_bat.o
                0x00405528                sim_bat_set_tension
 .text$sim_bat_update
                0x00405554       0x60 dbg/sim_bat.o
                0x00405554                sim_bat_update
 .text$ticker_thread
                0x004055b4       0x50 ../qpc_win//ports/win32-qv/dbg/libqp.a(qf_port.o)
 *(.text.*)
 .text.unlikely
                0x00405604        0x0 C:/Program Files/CodeBlocks/MinGW/bin/../lib/gcc/mingw32/4.9.2/crtbegin.o
 *fill*         0x00405604        0xc 
 .text.startup  0x00405610       0xe0 C:/Program Files/CodeBlocks/MinGW/bin/../lib/gcc/mingw32/4.9.2/../../../libmingw32.a(main.o)
                0x00405610                main
 .text.unlikely
                0x004056f0        0x0 C:/Program Files/CodeBlocks/MinGW/bin/../lib/gcc/mingw32/4.9.2/crtend.o
 .text.startup  0x004056f0       0x20 C:/Program Files/CodeBlocks/MinGW/bin/../lib/gcc/mingw32/4.9.2/crtend.o
 *(.gnu.linkonce.t.*)
 *(.glue_7t)
 *(.glue_7)
                0x00405710                ___CTOR_LIST__ = .
                0x00405710                __CTOR_LIST__ = .
                0x00405710        0x4 LONG 0xffffffff
 *(.ctors)
 *(.ctor)
 *(SORT(.ctors.*))
 .ctors.65535   0x00405714        0x4 C:/Program Files/CodeBlocks/MinGW/bin/../lib/gcc/mingw32/4.9.2/crtend.o
                0x00405718        0x4 LONG 0x0
                0x0040571c                ___DTOR_LIST__ = .
                0x0040571c                __DTOR_LIST__ = .
                0x0040571c        0x4 LONG 0xffffffff
 *(.dtors)
 *(.dtor)
 *(SORT(.dtors.*))
                0x00405720        0x4 LONG 0x0
 *(.fini)
 *(.gcc_exc)
                0x00405724                PROVIDE (etext, .)
                0x00405724                PROVIDE (_etext, .)
 *(.gcc_except_table)

.data           0x00406000      0x600
                0x00406000                __data_start__ = .
 *(.data)
 .data          0x00406000        0x0 C:/Program Files/CodeBlocks/MinGW/bin/../lib/gcc/mingw32/4.9.2/../../../crt2.o
 .data          0x00406000        0x0 C:/Program Files/CodeBlocks/MinGW/bin/../lib/gcc/mingw32/4.9.2/crtbegin.o
 .data          0x00406000        0x0 dbg/bsp.o
 .data          0x00406000        0x0 dbg/main.o
 .data          0x00406000        0x0 dbg/medicion.o
 .data          0x00406000        0x0 dbg/control.o
 .data          0x00406000        0x0 dbg/sim_bat.o
 .data          0x00406000        0x0 dbg/qstamp.o
 .data          0x00406000        0x0 ../qpc_win//ports/win32-qv/dbg/libqp.a(qf_port.o)
 .data          0x00406000        0x0 ../qpc_win//ports/win32-qv/dbg/libqp.a(qwin_gui.o)
 .data          0x00406000        0x0 ../qpc_win//ports/win32-qv/dbg/libqp.a(qf_time.o)
 .data          0x00406000        0x0 ../qpc_win//ports/win32-qv/dbg/libqp.a(qf_ps.o)
 .data          0x00406000        0x0 ../qpc_win//ports/win32-qv/dbg/libqp.a(qf_dyn.o)
 .data          0x00406000        0x0 ../qpc_win//ports/win32-qv/dbg/libqp.a(qep_hsm.o)
 .data          0x00406000        0x0 ../qpc_win//ports/win32-qv/dbg/libqp.a(qf_qact.o)
 .data          0x00406000        0x0 ../qpc_win//ports/win32-qv/dbg/libqp.a(qf_act.o)
 .data          0x00406000        0x0 ../qpc_win//ports/win32-qv/dbg/libqp.a(qf_actq.o)
 .data          0x00406000        0x0 ../qpc_win//ports/win32-qv/dbg/libqp.a(qf_qeq.o)
 .data          0x00406000        0x0 ../qpc_win//ports/win32-qv/dbg/libqp.a(qf_mem.o)
 .data          0x00406000        0x0 C:/Program Files/CodeBlocks/MinGW/bin/../lib/gcc/mingw32/4.9.2/../../../libmingw32.a(tlssup.o)
 .data          0x00406000        0x4 C:/Program Files/CodeBlocks/MinGW/bin/../lib/gcc/mingw32/4.9.2/../../../libmingw32.a(CRTglob.o)
                0x00406000                _CRT_glob
 .data          0x00406004        0x0 C:/Program Files/CodeBlocks/MinGW/bin/../lib/gcc/mingw32/4.9.2/../../../libmingw32.a(CRTfmode.o)
 .data          0x00406004        0x4 C:/Program Files/CodeBlocks/MinGW/bin/../lib/gcc/mingw32/4.9.2/../../../libmingw32.a(txtmode.o)
                0x00406004                _fmode
 .data          0x00406008        0x0 C:/Program Files/CodeBlocks/MinGW/bin/../lib/gcc/mingw32/4.9.2/../../../libmingw32.a(cpu_features.o)
 .data          0x00406008        0x0 C:/Program Files/CodeBlocks/MinGW/bin/../lib/gcc/mingw32/4.9.2/../../../libmingw32.a(CRT_fp10.o)
 .data          0x00406008        0x0 C:/Program Files/CodeBlocks/MinGW/bin/../lib/gcc/mingw32/4.9.2/../../../libmingw32.a(pseudo-reloc.o)
 .data          0x00406008        0x4 C:/Program Files/CodeBlocks/MinGW/bin/../lib/gcc/mingw32/4.9.2/../../../libmingw32.a(gccmain.o)
 .data          0x0040600c        0x0 C:/Program Files/CodeBlocks/MinGW/bin/../lib/gcc/mingw32/4.9.2/../../../libmingw32.a(main.o)
 .data          0x0040600c        0x0 C:/Program Files/CodeBlocks/MinGW/bin/../lib/gcc/mingw32/4.9.2/../../../libmingw32.a(crtst.o)
 .data          0x0040600c        0x0 C:/Program Files/CodeBlocks/MinGW/bin/../lib/gcc/mingw32/4.9.2/../../../libmingw32.a(tlsthrd.o)
 .data          0x0040600c        0x0 C:/Program Files/CodeBlocks/MinGW/bin/../lib/gcc/mingw32/4.9.2/../../../libmingw32.a(pseudo-reloc-list.o)
 .data          0x0040600c        0x0 C:/Program Files/CodeBlocks/MinGW/bin/../lib/gcc/mingw32/4.9.2/libgcc.a(_ctors.o)
 .data          0x0040600c        0x0 C:/Program Files/CodeBlocks/MinGW/bin/../lib/gcc/mingw32/4.9.2/../../../libmsvcrt.a(dsnos00266.o)
 .data          0x0040600c        0x0 C:/Program Files/CodeBlocks/MinGW/bin/../lib/gcc/mingw32/4.9.2/../../../libmsvcrt.a(dsnos00099.o)
 .data          0x0040600c        0x0 C:/Program Files/CodeBlocks/MinGW/bin/../lib/gcc/mingw32/4.9.2/../../../libmsvcrt.a(dsnos00590.o)
 .data          0x0040600c        0x0 C:/Program Files/CodeBlocks/MinGW/bin/../lib/gcc/mingw32/4.9.2/../../../libmsvcrt.a(dsnos00383.o)
 .data          0x0040600c        0x0 C:/Program Files/CodeBlocks/MinGW/bin/../lib/gcc/mingw32/4.9.2/../../../libmsvcrt.a(dsnos00055.o)
 .data          0x0040600c        0x0 C:/Program Files/CodeBlocks/MinGW/bin/../lib/gcc/mingw32/4.9.2/../../../libmsvcrt.a(dsnos00426.o)
 .data          0x0040600c        0x0 C:/Program Files/CodeBlocks/MinGW/bin/../lib/gcc/mingw32/4.9.2/../../../libmsvcrt.a(dsnos00079.o)
 .data          0x0040600c        0x0 C:/Program Files/CodeBlocks/MinGW/bin/../lib/gcc/mingw32/4.9.2/../../../libmsvcrt.a(dsnos00077.o)
 .data          0x0040600c        0x0 C:/Program Files/CodeBlocks/MinGW/bin/../lib/gcc/mingw32/4.9.2/../../../libmsvcrt.a(dsnos00147.o)
 .data          0x0040600c        0x0 C:/Program Files/CodeBlocks/MinGW/bin/../lib/gcc/mingw32/4.9.2/../../../libmsvcrt.a(dsnos00706.o)
 .data          0x0040600c        0x0 C:/Program Files/CodeBlocks/MinGW/bin/../lib/gcc/mingw32/4.9.2/../../../libmsvcrt.a(dsnos00717.o)
 .data          0x0040600c        0x0 C:/Program Files/CodeBlocks/MinGW/bin/../lib/gcc/mingw32/4.9.2/../../../libmsvcrt.a(dsnos00709.o)
 .data          0x0040600c        0x0 C:/Program Files/CodeBlocks/MinGW/bin/../lib/gcc/mingw32/4.9.2/../../../libmsvcrt.a(dsnos00713.o)
 .data          0x0040600c        0x0 C:/Program Files/CodeBlocks/MinGW/bin/../lib/gcc/mingw32/4.9.2/../../../libmsvcrt.a(dsnos00676.o)
 .data          0x0040600c        0x0 C:/Program Files/CodeBlocks/MinGW/bin/../lib/gcc/mingw32/4.9.2/../../../libmsvcrt.a(dsnos00625.o)
 .data          0x0040600c        0x0 C:/Program Files/CodeBlocks/MinGW/bin/../lib/gcc/mingw32/4.9.2/../../../libmsvcrt.a(dsnos00595.o)
 .data          0x0040600c        0x0 C:/Program Files/CodeBlocks/MinGW/bin/../lib/gcc/mingw32/4.9.2/../../../libmsvcrt.a(dsnos00633.o)
 .data          0x0040600c        0x0 C:/Program Files/CodeBlocks/MinGW/bin/../lib/gcc/mingw32/4.9.2/../../../libmsvcrt.a(dsnos00748.o)
 .data          0x0040600c        0x0 C:/Program Files/CodeBlocks/MinGW/bin/../lib/gcc/mingw32/4.9.2/../../../libmsvcrt.a(dsnos00583.o)
 .data          0x0040600c        0x0 C:/Program Files/CodeBlocks/MinGW/bin/../lib/gcc/mingw32/4.9.2/../../../libmsvcrt.a(dsnos00682.o)
 .data          0x0040600c        0x0 C:/Program Files/CodeBlocks/MinGW/bin/../lib/gcc/mingw32/4.9.2/../../../libmsvcrt.a(dsnoh.o)
 .data          0x0040600c        0x0 C:/Program Files/CodeBlocks/MinGW/bin/../lib/gcc/mingw32/4.9.2/../../../libmsvcrt.a(dsnot.o)
 .data          0x0040600c        0x0 C:/Program Files/CodeBlocks/MinGW/bin/../lib/gcc/mingw32/4.9.2/../../../libgdi32.a(dkfhs00073.o)
 .data          0x0040600c        0x0 C:/Program Files/CodeBlocks/MinGW/bin/../lib/gcc/mingw32/4.9.2/../../../libgdi32.a(dkfhs00070.o)
 .data          0x0040600c        0x0 C:/Program Files/CodeBlocks/MinGW/bin/../lib/gcc/mingw32/4.9.2/../../../libgdi32.a(dkfhs00334.o)
 .data          0x0040600c        0x0 C:/Program Files/CodeBlocks/MinGW/bin/../lib/gcc/mingw32/4.9.2/../../../libgdi32.a(dkfhs00034.o)
 .data          0x0040600c        0x0 C:/Program Files/CodeBlocks/MinGW/bin/../lib/gcc/mingw32/4.9.2/../../../libgdi32.a(dkfhs00039.o)
 .data          0x0040600c        0x0 C:/Program Files/CodeBlocks/MinGW/bin/../lib/gcc/mingw32/4.9.2/../../../libgdi32.a(dkfhs00281.o)
 .data          0x0040600c        0x0 C:/Program Files/CodeBlocks/MinGW/bin/../lib/gcc/mingw32/4.9.2/../../../libgdi32.a(dkfhs00177.o)
 .data          0x0040600c        0x0 C:/Program Files/CodeBlocks/MinGW/bin/../lib/gcc/mingw32/4.9.2/../../../libgdi32.a(dkfhs00306.o)
 .data          0x0040600c        0x0 C:/Program Files/CodeBlocks/MinGW/bin/../lib/gcc/mingw32/4.9.2/../../../libgdi32.a(dkfhs00185.o)
 .data          0x0040600c        0x0 C:/Program Files/CodeBlocks/MinGW/bin/../lib/gcc/mingw32/4.9.2/../../../libgdi32.a(dkfhs00068.o)
 .data          0x0040600c        0x0 C:/Program Files/CodeBlocks/MinGW/bin/../lib/gcc/mingw32/4.9.2/../../../libgdi32.a(dkfhs00012.o)
 .data          0x0040600c        0x0 C:/Program Files/CodeBlocks/MinGW/bin/../lib/gcc/mingw32/4.9.2/../../../libgdi32.a(dkfhh.o)
 .data          0x0040600c        0x0 C:/Program Files/CodeBlocks/MinGW/bin/../lib/gcc/mingw32/4.9.2/../../../libgdi32.a(dkfht.o)
 .data          0x0040600c        0x0 C:/Program Files/CodeBlocks/MinGW/bin/../lib/gcc/mingw32/4.9.2/../../../libuser32.a(daois00182.o)
 .data          0x0040600c        0x0 C:/Program Files/CodeBlocks/MinGW/bin/../lib/gcc/mingw32/4.9.2/../../../libuser32.a(daois00529.o)
 .data          0x0040600c        0x0 C:/Program Files/CodeBlocks/MinGW/bin/../lib/gcc/mingw32/4.9.2/../../../libuser32.a(daois00434.o)
 .data          0x0040600c        0x0 C:/Program Files/CodeBlocks/MinGW/bin/../lib/gcc/mingw32/4.9.2/../../../libuser32.a(daois00405.o)
 .data          0x0040600c        0x0 C:/Program Files/CodeBlocks/MinGW/bin/../lib/gcc/mingw32/4.9.2/../../../libuser32.a(daois00403.o)
 .data          0x0040600c        0x0 C:/Program Files/CodeBlocks/MinGW/bin/../lib/gcc/mingw32/4.9.2/../../../libuser32.a(daois00505.o)
 .data          0x0040600c        0x0 C:/Program Files/CodeBlocks/MinGW/bin/../lib/gcc/mingw32/4.9.2/../../../libuser32.a(daois00530.o)
 .data          0x0040600c        0x0 C:/Program Files/CodeBlocks/MinGW/bin/../lib/gcc/mingw32/4.9.2/../../../libuser32.a(daois00468.o)
 .data          0x0040600c        0x0 C:/Program Files/CodeBlocks/MinGW/bin/../lib/gcc/mingw32/4.9.2/../../../libuser32.a(daois00254.o)
 .data          0x0040600c        0x0 C:/Program Files/CodeBlocks/MinGW/bin/../lib/gcc/mingw32/4.9.2/../../../libuser32.a(daois00134.o)
 .data          0x0040600c        0x0 C:/Program Files/CodeBlocks/MinGW/bin/../lib/gcc/mingw32/4.9.2/../../../libuser32.a(daois00585.o)
 .data          0x0040600c        0x0 C:/Program Files/CodeBlocks/MinGW/bin/../lib/gcc/mingw32/4.9.2/../../../libuser32.a(daois00608.o)
 .data          0x0040600c        0x0 C:/Program Files/CodeBlocks/MinGW/bin/../lib/gcc/mingw32/4.9.2/../../../libuser32.a(daois00149.o)
 .data          0x0040600c        0x0 C:/Program Files/CodeBlocks/MinGW/bin/../lib/gcc/mingw32/4.9.2/../../../libuser32.a(daois00293.o)
 .data          0x0040600c        0x0 C:/Program Files/CodeBlocks/MinGW/bin/../lib/gcc/mingw32/4.9.2/../../../libuser32.a(daois00480.o)
 .data          0x0040600c        0x0 C:/Program Files/CodeBlocks/MinGW/bin/../lib/gcc/mingw32/4.9.2/../../../libuser32.a(daois00080.o)
 .data          0x0040600c        0x0 C:/Program Files/CodeBlocks/MinGW/bin/../lib/gcc/mingw32/4.9.2/../../../libuser32.a(daois00248.o)
 .data          0x0040600c        0x0 C:/Program Files/CodeBlocks/MinGW/bin/../lib/gcc/mingw32/4.9.2/../../../libuser32.a(daois00508.o)
 .data          0x0040600c        0x0 C:/Program Files/CodeBlocks/MinGW/bin/../lib/gcc/mingw32/4.9.2/../../../libuser32.a(daois00253.o)
 .data          0x0040600c        0x0 C:/Program Files/CodeBlocks/MinGW/bin/../lib/gcc/mingw32/4.9.2/../../../libuser32.a(daois00348.o)
 .data          0x0040600c        0x0 C:/Program Files/CodeBlocks/MinGW/bin/../lib/gcc/mingw32/4.9.2/../../../libuser32.a(daois00520.o)
 .data          0x0040600c        0x0 C:/Program Files/CodeBlocks/MinGW/bin/../lib/gcc/mingw32/4.9.2/../../../libuser32.a(daoih.o)
 .data          0x0040600c        0x0 C:/Program Files/CodeBlocks/MinGW/bin/../lib/gcc/mingw32/4.9.2/../../../libuser32.a(daoit.o)
 .data          0x0040600c        0x0 C:/Program Files/CodeBlocks/MinGW/bin/../lib/gcc/mingw32/4.9.2/../../../libkernel32.a(dchds01140.o)
 .data          0x0040600c        0x0 C:/Program Files/CodeBlocks/MinGW/bin/../lib/gcc/mingw32/4.9.2/../../../libkernel32.a(dchds00279.o)
 .data          0x0040600c        0x0 C:/Program Files/CodeBlocks/MinGW/bin/../lib/gcc/mingw32/4.9.2/../../../libkernel32.a(dchds00529.o)
 .data          0x0040600c        0x0 C:/Program Files/CodeBlocks/MinGW/bin/../lib/gcc/mingw32/4.9.2/../../../libkernel32.a(dchds00577.o)
 .data          0x0040600c        0x0 C:/Program Files/CodeBlocks/MinGW/bin/../lib/gcc/mingw32/4.9.2/../../../libkernel32.a(dchds00179.o)
 .data          0x0040600c        0x0 C:/Program Files/CodeBlocks/MinGW/bin/../lib/gcc/mingw32/4.9.2/../../../libkernel32.a(dchds00892.o)
 .data          0x0040600c        0x0 C:/Program Files/CodeBlocks/MinGW/bin/../lib/gcc/mingw32/4.9.2/../../../libkernel32.a(dchds00450.o)
 .data          0x0040600c        0x0 C:/Program Files/CodeBlocks/MinGW/bin/../lib/gcc/mingw32/4.9.2/../../../libkernel32.a(dchds01129.o)
 .data          0x0040600c        0x0 C:/Program Files/CodeBlocks/MinGW/bin/../lib/gcc/mingw32/4.9.2/../../../libkernel32.a(dchds01152.o)
 .data          0x0040600c        0x0 C:/Program Files/CodeBlocks/MinGW/bin/../lib/gcc/mingw32/4.9.2/../../../libkernel32.a(dchds00734.o)
 .data          0x0040600c        0x0 C:/Program Files/CodeBlocks/MinGW/bin/../lib/gcc/mingw32/4.9.2/../../../libkernel32.a(dchds00129.o)
 .data          0x0040600c        0x0 C:/Program Files/CodeBlocks/MinGW/bin/../lib/gcc/mingw32/4.9.2/../../../libkernel32.a(dchds00236.o)
 .data          0x0040600c        0x0 C:/Program Files/CodeBlocks/MinGW/bin/../lib/gcc/mingw32/4.9.2/../../../libkernel32.a(dchds00814.o)
 .data          0x0040600c        0x0 C:/Program Files/CodeBlocks/MinGW/bin/../lib/gcc/mingw32/4.9.2/../../../libkernel32.a(dchds01065.o)
 .data          0x0040600c        0x0 C:/Program Files/CodeBlocks/MinGW/bin/../lib/gcc/mingw32/4.9.2/../../../libkernel32.a(dchds01223.o)
 .data          0x0040600c        0x0 C:/Program Files/CodeBlocks/MinGW/bin/../lib/gcc/mingw32/4.9.2/../../../libkernel32.a(dchds01215.o)
 .data          0x0040600c        0x0 C:/Program Files/CodeBlocks/MinGW/bin/../lib/gcc/mingw32/4.9.2/../../../libkernel32.a(dchds01213.o)
 .data          0x0040600c        0x0 C:/Program Files/CodeBlocks/MinGW/bin/../lib/gcc/mingw32/4.9.2/../../../libkernel32.a(dchds00388.o)
 .data          0x0040600c        0x0 C:/Program Files/CodeBlocks/MinGW/bin/../lib/gcc/mingw32/4.9.2/../../../libkernel32.a(dchds00606.o)
 .data          0x0040600c        0x0 C:/Program Files/CodeBlocks/MinGW/bin/../lib/gcc/mingw32/4.9.2/../../../libkernel32.a(dchds01173.o)
 .data          0x0040600c        0x0 C:/Program Files/CodeBlocks/MinGW/bin/../lib/gcc/mingw32/4.9.2/../../../libkernel32.a(dchds00510.o)
 .data          0x0040600c        0x0 C:/Program Files/CodeBlocks/MinGW/bin/../lib/gcc/mingw32/4.9.2/../../../libkernel32.a(dchds00207.o)
 .data          0x0040600c        0x0 C:/Program Files/CodeBlocks/MinGW/bin/../lib/gcc/mingw32/4.9.2/../../../libkernel32.a(dchdh.o)
 .data          0x0040600c        0x0 C:/Program Files/CodeBlocks/MinGW/bin/../lib/gcc/mingw32/4.9.2/../../../libkernel32.a(dchdt.o)
 .data          0x0040600c        0x0 C:/Program Files/CodeBlocks/MinGW/bin/../lib/gcc/mingw32/4.9.2/crtend.o
 *(.data2)
 *(SORT(.data$*))
 .data$bateria  0x0040600c        0x4 dbg/sim_bat.o
 .data$cant_ticks.15816
                0x00406010        0x4 dbg/bsp.o
 .data$controlQueueSto.1814
                0x00406014       0x14 dbg/main.o
 .data$encenderEvt.15817
                0x00406028        0x4 dbg/bsp.o
 .data$estado.15793
                0x0040602c        0x4 dbg/bsp.o
 .data$estado.15798
                0x00406030        0x8 dbg/bsp.o
 .data$l_7seg   0x00406038       0x10 dbg/bsp.o
 .data$l_cant_celdas
                0x00406048        0x4 dbg/sim_bat.o
 .data$l_celda_midiendo
                0x0040604c        0x4 dbg/bsp.o
 .data$l_cmdLine
                0x00406050        0x4 dbg/bsp.o
 *fill*         0x00406054       0x2c 
 .data$l_control
                0x00406080       0x80 dbg/control.o
 .data$l_hDC    0x00406100        0x4 ../qpc_win//ports/win32-qv/dbg/libqp.a(qwin_gui.o)
 .data$l_hInst  0x00406104        0x4 dbg/bsp.o
 .data$l_hWnd   0x00406108        0x4 dbg/bsp.o
 .data$l_hWnd   0x0040610c        0x4 ../qpc_win//ports/win32-qv/dbg/libqp.a(qwin_gui.o)
 .data$l_init   0x00406110        0x4 dbg/sim_bat.o
 .data$l_isRunning
                0x00406114        0x4 ../qpc_win//ports/win32-qv/dbg/libqp.a(qf_port.o)
 *fill*         0x00406118       0x28 
 .data$l_medicion
                0x00406140       0x80 dbg/medicion.o
 .data$l_pausar_sim
                0x004061c0        0x4 dbg/bsp.o
 .data$l_tickMsec
                0x004061c4        0x4 ../qpc_win//ports/win32-qv/dbg/libqp.a(qf_port.o)
 *fill*         0x004061c8       0x18 
 .data$l_userBtn
                0x004061e0       0x40 dbg/bsp.o
 *fill*         0x00406220       0x20 
 .data$l_userLED
                0x00406240       0x80 dbg/bsp.o
 .data$l_win32CritSect
                0x004062c0       0x18 ../qpc_win//ports/win32-qv/dbg/libqp.a(qf_port.o)
 .data$medicionEvt.15818
                0x004062d8        0x8 dbg/bsp.o
 .data$medicionQueueSto.1813
                0x004062e0       0x14 dbg/main.o
 *fill*         0x004062f4        0xc 
 .data$salidas  0x00406300       0x40 dbg/bsp.o
 .data$smlPoolSto.1818
                0x00406340       0x80 dbg/main.o
 .data$subscrSto.1815
                0x004063c0       0x40 dbg/main.o
 .data$v_celdas
                0x00406400        0x8 dbg/bsp.o
 *(.jcr)
 .jcr           0x00406408        0x0 C:/Program Files/CodeBlocks/MinGW/bin/../lib/gcc/mingw32/4.9.2/crtbegin.o
 .jcr           0x00406408        0x4 C:/Program Files/CodeBlocks/MinGW/bin/../lib/gcc/mingw32/4.9.2/crtend.o
                0x0040640c                __data_end__ = .
 *(.data_cygwin_nocopy)

.rdata          0x00407000      0x600
 *(.rdata)
 .rdata         0x00407000       0x24 C:/Program Files/CodeBlocks/MinGW/bin/../lib/gcc/mingw32/4.9.2/crtbegin.o
 .rdata         0x00407024       0x40 dbg/bsp.o
 .rdata         0x00407064       0x2c dbg/medicion.o
 .rdata         0x00407090       0x18 ../qpc_win//ports/win32-qv/dbg/libqp.a(qwin_gui.o)
 .rdata         0x004070a8        0x4 C:/Program Files/CodeBlocks/MinGW/bin/../lib/gcc/mingw32/4.9.2/../../../libmingw32.a(tlssup.o)
                0x004070a8                __dyn_tls_init_callback
 .rdata         0x004070ac       0xac C:/Program Files/CodeBlocks/MinGW/bin/../lib/gcc/mingw32/4.9.2/../../../libmingw32.a(pseudo-reloc.o)
 *(SORT(.rdata$*))
 .rdata$AO_Control
                0x00407158        0x4 dbg/control.o
                0x00407158                AO_Control
 .rdata$AO_Medicion
                0x0040715c        0x4 dbg/medicion.o
                0x0040715c                AO_Medicion
 .rdata$QEP_reservedEvt_
                0x00407160       0x10 ../qpc_win//ports/win32-qv/dbg/libqp.a(qep_hsm.o)
 *fill*         0x00407170       0x10 
 .rdata$QF_log2Lkup
                0x00407180      0x100 ../qpc_win//ports/win32-qv/dbg/libqp.a(qf_act.o)
                0x00407180                QF_log2Lkup
 .rdata$QP_versionStr
                0x00407280        0x8 ../qpc_win//ports/win32-qv/dbg/libqp.a(qep_hsm.o)
                0x00407280                QP_versionStr
 .rdata$Q_BUILD_DATE
                0x00407288        0xc dbg/qstamp.o
                0x00407288                Q_BUILD_DATE
 .rdata$Q_BUILD_TIME
                0x00407294        0xc dbg/qstamp.o
                0x00407294                Q_BUILD_TIME
 .rdata$Q_this_module_
                0x004072a0        0x8 dbg/bsp.o
 .rdata$Q_this_module_
                0x004072a8        0x8 ../qpc_win//ports/win32-qv/dbg/libqp.a(qf_port.o)
 .rdata$Q_this_module_
                0x004072b0        0x8 ../qpc_win//ports/win32-qv/dbg/libqp.a(qf_time.o)
 .rdata$Q_this_module_
                0x004072b8        0x8 ../qpc_win//ports/win32-qv/dbg/libqp.a(qf_ps.o)
 .rdata$Q_this_module_
                0x004072c0        0x8 ../qpc_win//ports/win32-qv/dbg/libqp.a(qf_dyn.o)
 .rdata$Q_this_module_
                0x004072c8        0x8 ../qpc_win//ports/win32-qv/dbg/libqp.a(qep_hsm.o)
 .rdata$Q_this_module_
                0x004072d0        0x8 ../qpc_win//ports/win32-qv/dbg/libqp.a(qf_act.o)
 .rdata$Q_this_module_
                0x004072d8        0x8 ../qpc_win//ports/win32-qv/dbg/libqp.a(qf_actq.o)
 .rdata$Q_this_module_
                0x004072e0        0x8 ../qpc_win//ports/win32-qv/dbg/libqp.a(qf_qeq.o)
 .rdata$Q_this_module_
                0x004072e8        0x8 ../qpc_win//ports/win32-qv/dbg/libqp.a(qf_mem.o)
 .rdata$canal_celda
                0x004072f0        0x4 dbg/bsp.o
 *fill*         0x004072f4        0xc 
 .rdata$l_7segBMP
                0x00407300       0x40 dbg/bsp.o
 .rdata$l_BtnID
                0x00407340        0x8 dbg/bsp.o
 *fill*         0x00407348       0x18 
 .rdata$l_LEDID
                0x00407360       0x20 dbg/bsp.o
 .rdata$leds.15741
                0x00407380       0x18 dbg/bsp.o
 .rdata$tickEvt.15086
                0x00407398        0x4 ../qpc_win//ports/win32-qv/dbg/libqp.a(qf_actq.o)
 .rdata$vtbl.15021
                0x0040739c       0x14 ../qpc_win//ports/win32-qv/dbg/libqp.a(qf_qact.o)
 .rdata$vtbl.15068
                0x004073b0       0x14 ../qpc_win//ports/win32-qv/dbg/libqp.a(qf_actq.o)
 .rdata$vtbl.1537
                0x004073c4        0x8 ../qpc_win//ports/win32-qv/dbg/libqp.a(qep_hsm.o)
 .rdata$zzz     0x004073cc       0x14 C:/Program Files/CodeBlocks/MinGW/bin/../lib/gcc/mingw32/4.9.2/crtbegin.o
 .rdata$zzz     0x004073e0       0x14 dbg/bsp.o
 .rdata$zzz     0x004073f4       0x14 dbg/main.o
 .rdata$zzz     0x00407408       0x14 dbg/medicion.o
 .rdata$zzz     0x0040741c       0x14 dbg/control.o
 .rdata$zzz     0x00407430       0x14 dbg/sim_bat.o
 .rdata$zzz     0x00407444       0x14 dbg/qstamp.o
 .rdata$zzz     0x00407458       0x14 ../qpc_win//ports/win32-qv/dbg/libqp.a(qf_port.o)
 .rdata$zzz     0x0040746c       0x14 ../qpc_win//ports/win32-qv/dbg/libqp.a(qwin_gui.o)
 .rdata$zzz     0x00407480       0x14 ../qpc_win//ports/win32-qv/dbg/libqp.a(qf_time.o)
 .rdata$zzz     0x00407494       0x14 ../qpc_win//ports/win32-qv/dbg/libqp.a(qf_ps.o)
 .rdata$zzz     0x004074a8       0x14 ../qpc_win//ports/win32-qv/dbg/libqp.a(qf_dyn.o)
 .rdata$zzz     0x004074bc       0x14 ../qpc_win//ports/win32-qv/dbg/libqp.a(qep_hsm.o)
 .rdata$zzz     0x004074d0       0x14 ../qpc_win//ports/win32-qv/dbg/libqp.a(qf_qact.o)
 .rdata$zzz     0x004074e4       0x14 ../qpc_win//ports/win32-qv/dbg/libqp.a(qf_act.o)
 .rdata$zzz     0x004074f8       0x14 ../qpc_win//ports/win32-qv/dbg/libqp.a(qf_actq.o)
 .rdata$zzz     0x0040750c       0x14 ../qpc_win//ports/win32-qv/dbg/libqp.a(qf_qeq.o)
 .rdata$zzz     0x00407520       0x14 ../qpc_win//ports/win32-qv/dbg/libqp.a(qf_mem.o)
 .rdata$zzz     0x00407534       0x14 C:/Program Files/CodeBlocks/MinGW/bin/../lib/gcc/mingw32/4.9.2/libgcc.a(_ctors.o)
 .rdata$zzz     0x00407548       0x14 C:/Program Files/CodeBlocks/MinGW/bin/../lib/gcc/mingw32/4.9.2/crtend.o
                0x0040755c                __rt_psrelocs_start = .
 *(.rdata_runtime_pseudo_reloc)
                0x0040755c                __rt_psrelocs_end = .
                0x00000000                __rt_psrelocs_size = (__rt_psrelocs_end - __rt_psrelocs_start)
                0x0040755c                ___RUNTIME_PSEUDO_RELOC_LIST_END__ = .
                0x0040755c                __RUNTIME_PSEUDO_RELOC_LIST_END__ = .
                0x0040755c                ___RUNTIME_PSEUDO_RELOC_LIST__ = (. - __rt_psrelocs_size)
                0x0040755c                __RUNTIME_PSEUDO_RELOC_LIST__ = (. - __rt_psrelocs_size)

.eh_frame       0x00408000      0x400
 *(.eh_frame*)
 .eh_frame      0x00408000       0xb8 C:/Program Files/CodeBlocks/MinGW/bin/../lib/gcc/mingw32/4.9.2/../../../crt2.o
 .eh_frame      0x004080b8       0x88 C:/Program Files/CodeBlocks/MinGW/bin/../lib/gcc/mingw32/4.9.2/../../../libmingw32.a(tlssup.o)
 .eh_frame      0x00408140       0x38 C:/Program Files/CodeBlocks/MinGW/bin/../lib/gcc/mingw32/4.9.2/../../../libmingw32.a(cpu_features.o)
 .eh_frame      0x00408178       0x2c C:/Program Files/CodeBlocks/MinGW/bin/../lib/gcc/mingw32/4.9.2/../../../libmingw32.a(CRT_fp10.o)
 .eh_frame      0x004081a4       0x9c C:/Program Files/CodeBlocks/MinGW/bin/../lib/gcc/mingw32/4.9.2/../../../libmingw32.a(pseudo-reloc.o)
 .eh_frame      0x00408240       0x68 C:/Program Files/CodeBlocks/MinGW/bin/../lib/gcc/mingw32/4.9.2/../../../libmingw32.a(gccmain.o)
 .eh_frame      0x004082a8       0x58 C:/Program Files/CodeBlocks/MinGW/bin/../lib/gcc/mingw32/4.9.2/../../../libmingw32.a(main.o)
 .eh_frame      0x00408300       0xf8 C:/Program Files/CodeBlocks/MinGW/bin/../lib/gcc/mingw32/4.9.2/../../../libmingw32.a(tlsthrd.o)

.pdata
 *(.pdata)

.bss            0x00409000      0x250
                0x00409000                __bss_start__ = .
 *(.bss)
 .bss           0x00409000        0x8 C:/Program Files/CodeBlocks/MinGW/bin/../lib/gcc/mingw32/4.9.2/../../../crt2.o
                0x00409000                _argv
                0x00409004                _argc
 .bss           0x00409008        0x0 C:/Program Files/CodeBlocks/MinGW/bin/../lib/gcc/mingw32/4.9.2/crtbegin.o
 .bss           0x00409008        0x0 dbg/bsp.o
 .bss           0x00409008        0x0 dbg/main.o
 .bss           0x00409008        0x0 dbg/medicion.o
 .bss           0x00409008        0x0 dbg/control.o
 .bss           0x00409008        0x0 dbg/sim_bat.o
 .bss           0x00409008        0x0 dbg/qstamp.o
 .bss           0x00409008        0x0 ../qpc_win//ports/win32-qv/dbg/libqp.a(qf_port.o)
 .bss           0x00409008        0x0 ../qpc_win//ports/win32-qv/dbg/libqp.a(qwin_gui.o)
 .bss           0x00409008        0x0 ../qpc_win//ports/win32-qv/dbg/libqp.a(qf_time.o)
 .bss           0x00409008        0x0 ../qpc_win//ports/win32-qv/dbg/libqp.a(qf_ps.o)
 .bss           0x00409008        0x0 ../qpc_win//ports/win32-qv/dbg/libqp.a(qf_dyn.o)
 .bss           0x00409008        0x0 ../qpc_win//ports/win32-qv/dbg/libqp.a(qep_hsm.o)
 .bss           0x00409008        0x0 ../qpc_win//ports/win32-qv/dbg/libqp.a(qf_qact.o)
 .bss           0x00409008        0x0 ../qpc_win//ports/win32-qv/dbg/libqp.a(qf_act.o)
 .bss           0x00409008        0x0 ../qpc_win//ports/win32-qv/dbg/libqp.a(qf_actq.o)
 .bss           0x00409008        0x0 ../qpc_win//ports/win32-qv/dbg/libqp.a(qf_qeq.o)
 .bss           0x00409008        0x0 ../qpc_win//ports/win32-qv/dbg/libqp.a(qf_mem.o)
 .bss           0x00409008       0x10 C:/Program Files/CodeBlocks/MinGW/bin/../lib/gcc/mingw32/4.9.2/../../../libmingw32.a(tlssup.o)
                0x00409008                mingw_initltssuo_force
                0x0040900c                mingw_initltsdyn_force
                0x00409010                mingw_initltsdrot_force
                0x00409014                _tls_index
 .bss           0x00409018        0x0 C:/Program Files/CodeBlocks/MinGW/bin/../lib/gcc/mingw32/4.9.2/../../../libmingw32.a(CRTglob.o)
 .bss           0x00409018        0x4 C:/Program Files/CodeBlocks/MinGW/bin/../lib/gcc/mingw32/4.9.2/../../../libmingw32.a(CRTfmode.o)
                0x00409018                _CRT_fmode
 .bss           0x0040901c        0x0 C:/Program Files/CodeBlocks/MinGW/bin/../lib/gcc/mingw32/4.9.2/../../../libmingw32.a(txtmode.o)
 .bss           0x0040901c        0x4 C:/Program Files/CodeBlocks/MinGW/bin/../lib/gcc/mingw32/4.9.2/../../../libmingw32.a(cpu_features.o)
                0x0040901c                __cpu_features
 .bss           0x00409020        0x0 C:/Program Files/CodeBlocks/MinGW/bin/../lib/gcc/mingw32/4.9.2/../../../libmingw32.a(CRT_fp10.o)
 .bss           0x00409020        0x4 C:/Program Files/CodeBlocks/MinGW/bin/../lib/gcc/mingw32/4.9.2/../../../libmingw32.a(pseudo-reloc.o)
 .bss           0x00409024        0x4 C:/Program Files/CodeBlocks/MinGW/bin/../lib/gcc/mingw32/4.9.2/../../../libmingw32.a(gccmain.o)
 .bss           0x00409028        0x0 C:/Program Files/CodeBlocks/MinGW/bin/../lib/gcc/mingw32/4.9.2/../../../libmingw32.a(main.o)
 .bss           0x00409028        0x4 C:/Program Files/CodeBlocks/MinGW/bin/../lib/gcc/mingw32/4.9.2/../../../libmingw32.a(crtst.o)
                0x00409028                _CRT_MT
 .bss           0x0040902c       0x20 C:/Program Files/CodeBlocks/MinGW/bin/../lib/gcc/mingw32/4.9.2/../../../libmingw32.a(tlsthrd.o)
 .bss           0x0040904c        0x4 C:/Program Files/CodeBlocks/MinGW/bin/../lib/gcc/mingw32/4.9.2/../../../libmingw32.a(pseudo-reloc-list.o)
 .bss           0x00409050        0x0 C:/Program Files/CodeBlocks/MinGW/bin/../lib/gcc/mingw32/4.9.2/libgcc.a(_ctors.o)
 .bss           0x00409050        0x0 C:/Program Files/CodeBlocks/MinGW/bin/../lib/gcc/mingw32/4.9.2/../../../libmsvcrt.a(dsnos00266.o)
 .bss           0x00409050        0x0 C:/Program Files/CodeBlocks/MinGW/bin/../lib/gcc/mingw32/4.9.2/../../../libmsvcrt.a(dsnos00099.o)
 .bss           0x00409050        0x0 C:/Program Files/CodeBlocks/MinGW/bin/../lib/gcc/mingw32/4.9.2/../../../libmsvcrt.a(dsnos00590.o)
 .bss           0x00409050        0x0 C:/Program Files/CodeBlocks/MinGW/bin/../lib/gcc/mingw32/4.9.2/../../../libmsvcrt.a(dsnos00383.o)
 .bss           0x00409050        0x0 C:/Program Files/CodeBlocks/MinGW/bin/../lib/gcc/mingw32/4.9.2/../../../libmsvcrt.a(dsnos00055.o)
 .bss           0x00409050        0x0 C:/Program Files/CodeBlocks/MinGW/bin/../lib/gcc/mingw32/4.9.2/../../../libmsvcrt.a(dsnos00426.o)
 .bss           0x00409050        0x0 C:/Program Files/CodeBlocks/MinGW/bin/../lib/gcc/mingw32/4.9.2/../../../libmsvcrt.a(dsnos00079.o)
 .bss           0x00409050        0x0 C:/Program Files/CodeBlocks/MinGW/bin/../lib/gcc/mingw32/4.9.2/../../../libmsvcrt.a(dsnos00077.o)
 .bss           0x00409050        0x0 C:/Program Files/CodeBlocks/MinGW/bin/../lib/gcc/mingw32/4.9.2/../../../libmsvcrt.a(dsnos00147.o)
 .bss           0x00409050        0x0 C:/Program Files/CodeBlocks/MinGW/bin/../lib/gcc/mingw32/4.9.2/../../../libmsvcrt.a(dsnos00706.o)
 .bss           0x00409050        0x0 C:/Program Files/CodeBlocks/MinGW/bin/../lib/gcc/mingw32/4.9.2/../../../libmsvcrt.a(dsnos00717.o)
 .bss           0x00409050        0x0 C:/Program Files/CodeBlocks/MinGW/bin/../lib/gcc/mingw32/4.9.2/../../../libmsvcrt.a(dsnos00709.o)
 .bss           0x00409050        0x0 C:/Program Files/CodeBlocks/MinGW/bin/../lib/gcc/mingw32/4.9.2/../../../libmsvcrt.a(dsnos00713.o)
 .bss           0x00409050        0x0 C:/Program Files/CodeBlocks/MinGW/bin/../lib/gcc/mingw32/4.9.2/../../../libmsvcrt.a(dsnos00676.o)
 .bss           0x00409050        0x0 C:/Program Files/CodeBlocks/MinGW/bin/../lib/gcc/mingw32/4.9.2/../../../libmsvcrt.a(dsnos00625.o)
 .bss           0x00409050        0x0 C:/Program Files/CodeBlocks/MinGW/bin/../lib/gcc/mingw32/4.9.2/../../../libmsvcrt.a(dsnos00595.o)
 .bss           0x00409050        0x0 C:/Program Files/CodeBlocks/MinGW/bin/../lib/gcc/mingw32/4.9.2/../../../libmsvcrt.a(dsnos00633.o)
 .bss           0x00409050        0x0 C:/Program Files/CodeBlocks/MinGW/bin/../lib/gcc/mingw32/4.9.2/../../../libmsvcrt.a(dsnos00748.o)
 .bss           0x00409050        0x0 C:/Program Files/CodeBlocks/MinGW/bin/../lib/gcc/mingw32/4.9.2/../../../libmsvcrt.a(dsnos00583.o)
 .bss           0x00409050        0x0 C:/Program Files/CodeBlocks/MinGW/bin/../lib/gcc/mingw32/4.9.2/../../../libmsvcrt.a(dsnos00682.o)
 .bss           0x00409050        0x0 C:/Program Files/CodeBlocks/MinGW/bin/../lib/gcc/mingw32/4.9.2/../../../libmsvcrt.a(dsnoh.o)
 .bss           0x00409050        0x0 C:/Program Files/CodeBlocks/MinGW/bin/../lib/gcc/mingw32/4.9.2/../../../libmsvcrt.a(dsnot.o)
 .bss           0x00409050        0x0 C:/Program Files/CodeBlocks/MinGW/bin/../lib/gcc/mingw32/4.9.2/../../../libgdi32.a(dkfhs00073.o)
 .bss           0x00409050        0x0 C:/Program Files/CodeBlocks/MinGW/bin/../lib/gcc/mingw32/4.9.2/../../../libgdi32.a(dkfhs00070.o)
 .bss           0x00409050        0x0 C:/Program Files/CodeBlocks/MinGW/bin/../lib/gcc/mingw32/4.9.2/../../../libgdi32.a(dkfhs00334.o)
 .bss           0x00409050        0x0 C:/Program Files/CodeBlocks/MinGW/bin/../lib/gcc/mingw32/4.9.2/../../../libgdi32.a(dkfhs00034.o)
 .bss           0x00409050        0x0 C:/Program Files/CodeBlocks/MinGW/bin/../lib/gcc/mingw32/4.9.2/../../../libgdi32.a(dkfhs00039.o)
 .bss           0x00409050        0x0 C:/Program Files/CodeBlocks/MinGW/bin/../lib/gcc/mingw32/4.9.2/../../../libgdi32.a(dkfhs00281.o)
 .bss           0x00409050        0x0 C:/Program Files/CodeBlocks/MinGW/bin/../lib/gcc/mingw32/4.9.2/../../../libgdi32.a(dkfhs00177.o)
 .bss           0x00409050        0x0 C:/Program Files/CodeBlocks/MinGW/bin/../lib/gcc/mingw32/4.9.2/../../../libgdi32.a(dkfhs00306.o)
 .bss           0x00409050        0x0 C:/Program Files/CodeBlocks/MinGW/bin/../lib/gcc/mingw32/4.9.2/../../../libgdi32.a(dkfhs00185.o)
 .bss           0x00409050        0x0 C:/Program Files/CodeBlocks/MinGW/bin/../lib/gcc/mingw32/4.9.2/../../../libgdi32.a(dkfhs00068.o)
 .bss           0x00409050        0x0 C:/Program Files/CodeBlocks/MinGW/bin/../lib/gcc/mingw32/4.9.2/../../../libgdi32.a(dkfhs00012.o)
 .bss           0x00409050        0x0 C:/Program Files/CodeBlocks/MinGW/bin/../lib/gcc/mingw32/4.9.2/../../../libgdi32.a(dkfhh.o)
 .bss           0x00409050        0x0 C:/Program Files/CodeBlocks/MinGW/bin/../lib/gcc/mingw32/4.9.2/../../../libgdi32.a(dkfht.o)
 .bss           0x00409050        0x0 C:/Program Files/CodeBlocks/MinGW/bin/../lib/gcc/mingw32/4.9.2/../../../libuser32.a(daois00182.o)
 .bss           0x00409050        0x0 C:/Program Files/CodeBlocks/MinGW/bin/../lib/gcc/mingw32/4.9.2/../../../libuser32.a(daois00529.o)
 .bss           0x00409050        0x0 C:/Program Files/CodeBlocks/MinGW/bin/../lib/gcc/mingw32/4.9.2/../../../libuser32.a(daois00434.o)
 .bss           0x00409050        0x0 C:/Program Files/CodeBlocks/MinGW/bin/../lib/gcc/mingw32/4.9.2/../../../libuser32.a(daois00405.o)
 .bss           0x00409050        0x0 C:/Program Files/CodeBlocks/MinGW/bin/../lib/gcc/mingw32/4.9.2/../../../libuser32.a(daois00403.o)
 .bss           0x00409050        0x0 C:/Program Files/CodeBlocks/MinGW/bin/../lib/gcc/mingw32/4.9.2/../../../libuser32.a(daois00505.o)
 .bss           0x00409050        0x0 C:/Program Files/CodeBlocks/MinGW/bin/../lib/gcc/mingw32/4.9.2/../../../libuser32.a(daois00530.o)
 .bss           0x00409050        0x0 C:/Program Files/CodeBlocks/MinGW/bin/../lib/gcc/mingw32/4.9.2/../../../libuser32.a(daois00468.o)
 .bss           0x00409050        0x0 C:/Program Files/CodeBlocks/MinGW/bin/../lib/gcc/mingw32/4.9.2/../../../libuser32.a(daois00254.o)
 .bss           0x00409050        0x0 C:/Program Files/CodeBlocks/MinGW/bin/../lib/gcc/mingw32/4.9.2/../../../libuser32.a(daois00134.o)
 .bss           0x00409050        0x0 C:/Program Files/CodeBlocks/MinGW/bin/../lib/gcc/mingw32/4.9.2/../../../libuser32.a(daois00585.o)
 .bss           0x00409050        0x0 C:/Program Files/CodeBlocks/MinGW/bin/../lib/gcc/mingw32/4.9.2/../../../libuser32.a(daois00608.o)
 .bss           0x00409050        0x0 C:/Program Files/CodeBlocks/MinGW/bin/../lib/gcc/mingw32/4.9.2/../../../libuser32.a(daois00149.o)
 .bss           0x00409050        0x0 C:/Program Files/CodeBlocks/MinGW/bin/../lib/gcc/mingw32/4.9.2/../../../libuser32.a(daois00293.o)
 .bss           0x00409050        0x0 C:/Program Files/CodeBlocks/MinGW/bin/../lib/gcc/mingw32/4.9.2/../../../libuser32.a(daois00480.o)
 .bss           0x00409050        0x0 C:/Program Files/CodeBlocks/MinGW/bin/../lib/gcc/mingw32/4.9.2/../../../libuser32.a(daois00080.o)
 .bss           0x00409050        0x0 C:/Program Files/CodeBlocks/MinGW/bin/../lib/gcc/mingw32/4.9.2/../../../libuser32.a(daois00248.o)
 .bss           0x00409050        0x0 C:/Program Files/CodeBlocks/MinGW/bin/../lib/gcc/mingw32/4.9.2/../../../libuser32.a(daois00508.o)
 .bss           0x00409050        0x0 C:/Program Files/CodeBlocks/MinGW/bin/../lib/gcc/mingw32/4.9.2/../../../libuser32.a(daois00253.o)
 .bss           0x00409050        0x0 C:/Program Files/CodeBlocks/MinGW/bin/../lib/gcc/mingw32/4.9.2/../../../libuser32.a(daois00348.o)
 .bss           0x00409050        0x0 C:/Program Files/CodeBlocks/MinGW/bin/../lib/gcc/mingw32/4.9.2/../../../libuser32.a(daois00520.o)
 .bss           0x00409050        0x0 C:/Program Files/CodeBlocks/MinGW/bin/../lib/gcc/mingw32/4.9.2/../../../libuser32.a(daoih.o)
 .bss           0x00409050        0x0 C:/Program Files/CodeBlocks/MinGW/bin/../lib/gcc/mingw32/4.9.2/../../../libuser32.a(daoit.o)
 .bss           0x00409050        0x0 C:/Program Files/CodeBlocks/MinGW/bin/../lib/gcc/mingw32/4.9.2/../../../libkernel32.a(dchds01140.o)
 .bss           0x00409050        0x0 C:/Program Files/CodeBlocks/MinGW/bin/../lib/gcc/mingw32/4.9.2/../../../libkernel32.a(dchds00279.o)
 .bss           0x00409050        0x0 C:/Program Files/CodeBlocks/MinGW/bin/../lib/gcc/mingw32/4.9.2/../../../libkernel32.a(dchds00529.o)
 .bss           0x00409050        0x0 C:/Program Files/CodeBlocks/MinGW/bin/../lib/gcc/mingw32/4.9.2/../../../libkernel32.a(dchds00577.o)
 .bss           0x00409050        0x0 C:/Program Files/CodeBlocks/MinGW/bin/../lib/gcc/mingw32/4.9.2/../../../libkernel32.a(dchds00179.o)
 .bss           0x00409050        0x0 C:/Program Files/CodeBlocks/MinGW/bin/../lib/gcc/mingw32/4.9.2/../../../libkernel32.a(dchds00892.o)
 .bss           0x00409050        0x0 C:/Program Files/CodeBlocks/MinGW/bin/../lib/gcc/mingw32/4.9.2/../../../libkernel32.a(dchds00450.o)
 .bss           0x00409050        0x0 C:/Program Files/CodeBlocks/MinGW/bin/../lib/gcc/mingw32/4.9.2/../../../libkernel32.a(dchds01129.o)
 .bss           0x00409050        0x0 C:/Program Files/CodeBlocks/MinGW/bin/../lib/gcc/mingw32/4.9.2/../../../libkernel32.a(dchds01152.o)
 .bss           0x00409050        0x0 C:/Program Files/CodeBlocks/MinGW/bin/../lib/gcc/mingw32/4.9.2/../../../libkernel32.a(dchds00734.o)
 .bss           0x00409050        0x0 C:/Program Files/CodeBlocks/MinGW/bin/../lib/gcc/mingw32/4.9.2/../../../libkernel32.a(dchds00129.o)
 .bss           0x00409050        0x0 C:/Program Files/CodeBlocks/MinGW/bin/../lib/gcc/mingw32/4.9.2/../../../libkernel32.a(dchds00236.o)
 .bss           0x00409050        0x0 C:/Program Files/CodeBlocks/MinGW/bin/../lib/gcc/mingw32/4.9.2/../../../libkernel32.a(dchds00814.o)
 .bss           0x00409050        0x0 C:/Program Files/CodeBlocks/MinGW/bin/../lib/gcc/mingw32/4.9.2/../../../libkernel32.a(dchds01065.o)
 .bss           0x00409050        0x0 C:/Program Files/CodeBlocks/MinGW/bin/../lib/gcc/mingw32/4.9.2/../../../libkernel32.a(dchds01223.o)
 .bss           0x00409050        0x0 C:/Program Files/CodeBlocks/MinGW/bin/../lib/gcc/mingw32/4.9.2/../../../libkernel32.a(dchds01215.o)
 .bss           0x00409050        0x0 C:/Program Files/CodeBlocks/MinGW/bin/../lib/gcc/mingw32/4.9.2/../../../libkernel32.a(dchds01213.o)
 .bss           0x00409050        0x0 C:/Program Files/CodeBlocks/MinGW/bin/../lib/gcc/mingw32/4.9.2/../../../libkernel32.a(dchds00388.o)
 .bss           0x00409050        0x0 C:/Program Files/CodeBlocks/MinGW/bin/../lib/gcc/mingw32/4.9.2/../../../libkernel32.a(dchds00606.o)
 .bss           0x00409050        0x0 C:/Program Files/CodeBlocks/MinGW/bin/../lib/gcc/mingw32/4.9.2/../../../libkernel32.a(dchds01173.o)
 .bss           0x00409050        0x0 C:/Program Files/CodeBlocks/MinGW/bin/../lib/gcc/mingw32/4.9.2/../../../libkernel32.a(dchds00510.o)
 .bss           0x00409050        0x0 C:/Program Files/CodeBlocks/MinGW/bin/../lib/gcc/mingw32/4.9.2/../../../libkernel32.a(dchds00207.o)
 .bss           0x00409050        0x0 C:/Program Files/CodeBlocks/MinGW/bin/../lib/gcc/mingw32/4.9.2/../../../libkernel32.a(dchdh.o)
 .bss           0x00409050        0x0 C:/Program Files/CodeBlocks/MinGW/bin/../lib/gcc/mingw32/4.9.2/../../../libkernel32.a(dchdt.o)
 .bss           0x00409050        0x0 C:/Program Files/CodeBlocks/MinGW/bin/../lib/gcc/mingw32/4.9.2/crtend.o
 *(COMMON)
 COMMON         0x00409050        0xc ../qpc_win//ports/win32-qv/dbg/libqp.a(qf_port.o)
                0x00409050                QV_readySet_
                0x00409058                QV_win32Event_
 *fill*         0x0040905c        0x4 
 COMMON         0x00409060       0x28 ../qpc_win//ports/win32-qv/dbg/libqp.a(qf_time.o)
                0x00409060                QF_timeEvtHead_
 COMMON         0x00409088        0x8 ../qpc_win//ports/win32-qv/dbg/libqp.a(qf_ps.o)
                0x00409088                QF_subscrList_
                0x0040908c                QF_maxPubSignal_
 *fill*         0x00409090       0x30 
 COMMON         0x004090c0       0x55 ../qpc_win//ports/win32-qv/dbg/libqp.a(qf_dyn.o)
                0x004090c0                QF_pool_
                0x00409114                QF_maxPool_
 *fill*         0x00409115       0x2b 
 COMMON         0x00409140      0x100 ../qpc_win//ports/win32-qv/dbg/libqp.a(qf_act.o)
                0x00409140                QF_active_
 COMMON         0x00409240       0x10 C:/Program Files/CodeBlocks/MinGW/bin/../lib/gcc/mingw32/4.9.2/libgcc.a(_ctors.o)
                0x00409250                __bss_end__ = .

.edata
 *(.edata)

/DISCARD/
 *(.debug$S)
 *(.debug$T)
 *(.debug$F)
 *(.drectve)
 *(.note.GNU-stack)
 *(.gnu.lto_*)

.idata          0x0040a000      0xa00
 SORT(*)(.idata$2)
 .idata$2       0x0040a000       0x14 C:/Program Files/CodeBlocks/MinGW/bin/../lib/gcc/mingw32/4.9.2/../../../libgdi32.a(dkfhh.o)
                0x0040a000                _head_libgdi32_a
 .idata$2       0x0040a014       0x14 C:/Program Files/CodeBlocks/MinGW/bin/../lib/gcc/mingw32/4.9.2/../../../libkernel32.a(dchdh.o)
                0x0040a014                _head_libkernel32_a
 .idata$2       0x0040a028       0x14 C:/Program Files/CodeBlocks/MinGW/bin/../lib/gcc/mingw32/4.9.2/../../../libmsvcrt.a(dsnoh.o)
                0x0040a028                _head_libmsvcrt_a
 .idata$2       0x0040a03c       0x14 C:/Program Files/CodeBlocks/MinGW/bin/../lib/gcc/mingw32/4.9.2/../../../libuser32.a(daoih.o)
                0x0040a03c                _head_libuser32_a
 SORT(*)(.idata$3)
                0x0040a050        0x4 LONG 0x0
                0x0040a054        0x4 LONG 0x0
                0x0040a058        0x4 LONG 0x0
                0x0040a05c        0x4 LONG 0x0
                0x0040a060        0x4 LONG 0x0
 SORT(*)(.idata$4)
 .idata$4       0x0040a064        0x0 C:/Program Files/CodeBlocks/MinGW/bin/../lib/gcc/mingw32/4.9.2/../../../libgdi32.a(dkfhh.o)
 .idata$4       0x0040a064        0x4 C:/Program Files/CodeBlocks/MinGW/bin/../lib/gcc/mingw32/4.9.2/../../../libgdi32.a(dkfhs00012.o)
 .idata$4       0x0040a068        0x4 C:/Program Files/CodeBlocks/MinGW/bin/../lib/gcc/mingw32/4.9.2/../../../libgdi32.a(dkfhs00034.o)
 .idata$4       0x0040a06c        0x4 C:/Program Files/CodeBlocks/MinGW/bin/../lib/gcc/mingw32/4.9.2/../../../libgdi32.a(dkfhs00039.o)
 .idata$4       0x0040a070        0x4 C:/Program Files/CodeBlocks/MinGW/bin/../lib/gcc/mingw32/4.9.2/../../../libgdi32.a(dkfhs00068.o)
 .idata$4       0x0040a074        0x4 C:/Program Files/CodeBlocks/MinGW/bin/../lib/gcc/mingw32/4.9.2/../../../libgdi32.a(dkfhs00070.o)
 .idata$4       0x0040a078        0x4 C:/Program Files/CodeBlocks/MinGW/bin/../lib/gcc/mingw32/4.9.2/../../../libgdi32.a(dkfhs00073.o)
 .idata$4       0x0040a07c        0x4 C:/Program Files/CodeBlocks/MinGW/bin/../lib/gcc/mingw32/4.9.2/../../../libgdi32.a(dkfhs00177.o)
 .idata$4       0x0040a080        0x4 C:/Program Files/CodeBlocks/MinGW/bin/../lib/gcc/mingw32/4.9.2/../../../libgdi32.a(dkfhs00185.o)
 .idata$4       0x0040a084        0x4 C:/Program Files/CodeBlocks/MinGW/bin/../lib/gcc/mingw32/4.9.2/../../../libgdi32.a(dkfhs00281.o)
 .idata$4       0x0040a088        0x4 C:/Program Files/CodeBlocks/MinGW/bin/../lib/gcc/mingw32/4.9.2/../../../libgdi32.a(dkfhs00306.o)
 .idata$4       0x0040a08c        0x4 C:/Program Files/CodeBlocks/MinGW/bin/../lib/gcc/mingw32/4.9.2/../../../libgdi32.a(dkfhs00334.o)
 .idata$4       0x0040a090        0x4 C:/Program Files/CodeBlocks/MinGW/bin/../lib/gcc/mingw32/4.9.2/../../../libgdi32.a(dkfht.o)
 .idata$4       0x0040a094        0x0 C:/Program Files/CodeBlocks/MinGW/bin/../lib/gcc/mingw32/4.9.2/../../../libkernel32.a(dchdh.o)
 .idata$4       0x0040a094        0x4 C:/Program Files/CodeBlocks/MinGW/bin/../lib/gcc/mingw32/4.9.2/../../../libkernel32.a(dchds00129.o)
 .idata$4       0x0040a098        0x4 C:/Program Files/CodeBlocks/MinGW/bin/../lib/gcc/mingw32/4.9.2/../../../libkernel32.a(dchds00179.o)
 .idata$4       0x0040a09c        0x4 C:/Program Files/CodeBlocks/MinGW/bin/../lib/gcc/mingw32/4.9.2/../../../libkernel32.a(dchds00207.o)
 .idata$4       0x0040a0a0        0x4 C:/Program Files/CodeBlocks/MinGW/bin/../lib/gcc/mingw32/4.9.2/../../../libkernel32.a(dchds00236.o)
 .idata$4       0x0040a0a4        0x4 C:/Program Files/CodeBlocks/MinGW/bin/../lib/gcc/mingw32/4.9.2/../../../libkernel32.a(dchds00279.o)
 .idata$4       0x0040a0a8        0x4 C:/Program Files/CodeBlocks/MinGW/bin/../lib/gcc/mingw32/4.9.2/../../../libkernel32.a(dchds00388.o)
 .idata$4       0x0040a0ac        0x4 C:/Program Files/CodeBlocks/MinGW/bin/../lib/gcc/mingw32/4.9.2/../../../libkernel32.a(dchds00450.o)
 .idata$4       0x0040a0b0        0x4 C:/Program Files/CodeBlocks/MinGW/bin/../lib/gcc/mingw32/4.9.2/../../../libkernel32.a(dchds00510.o)
 .idata$4       0x0040a0b4        0x4 C:/Program Files/CodeBlocks/MinGW/bin/../lib/gcc/mingw32/4.9.2/../../../libkernel32.a(dchds00529.o)
 .idata$4       0x0040a0b8        0x4 C:/Program Files/CodeBlocks/MinGW/bin/../lib/gcc/mingw32/4.9.2/../../../libkernel32.a(dchds00577.o)
 .idata$4       0x0040a0bc        0x4 C:/Program Files/CodeBlocks/MinGW/bin/../lib/gcc/mingw32/4.9.2/../../../libkernel32.a(dchds00606.o)
 .idata$4       0x0040a0c0        0x4 C:/Program Files/CodeBlocks/MinGW/bin/../lib/gcc/mingw32/4.9.2/../../../libkernel32.a(dchds00734.o)
 .idata$4       0x0040a0c4        0x4 C:/Program Files/CodeBlocks/MinGW/bin/../lib/gcc/mingw32/4.9.2/../../../libkernel32.a(dchds00814.o)
 .idata$4       0x0040a0c8        0x4 C:/Program Files/CodeBlocks/MinGW/bin/../lib/gcc/mingw32/4.9.2/../../../libkernel32.a(dchds00892.o)
 .idata$4       0x0040a0cc        0x4 C:/Program Files/CodeBlocks/MinGW/bin/../lib/gcc/mingw32/4.9.2/../../../libkernel32.a(dchds01065.o)
 .idata$4       0x0040a0d0        0x4 C:/Program Files/CodeBlocks/MinGW/bin/../lib/gcc/mingw32/4.9.2/../../../libkernel32.a(dchds01129.o)
 .idata$4       0x0040a0d4        0x4 C:/Program Files/CodeBlocks/MinGW/bin/../lib/gcc/mingw32/4.9.2/../../../libkernel32.a(dchds01140.o)
 .idata$4       0x0040a0d8        0x4 C:/Program Files/CodeBlocks/MinGW/bin/../lib/gcc/mingw32/4.9.2/../../../libkernel32.a(dchds01152.o)
 .idata$4       0x0040a0dc        0x4 C:/Program Files/CodeBlocks/MinGW/bin/../lib/gcc/mingw32/4.9.2/../../../libkernel32.a(dchds01173.o)
 .idata$4       0x0040a0e0        0x4 C:/Program Files/CodeBlocks/MinGW/bin/../lib/gcc/mingw32/4.9.2/../../../libkernel32.a(dchds01213.o)
 .idata$4       0x0040a0e4        0x4 C:/Program Files/CodeBlocks/MinGW/bin/../lib/gcc/mingw32/4.9.2/../../../libkernel32.a(dchds01215.o)
 .idata$4       0x0040a0e8        0x4 C:/Program Files/CodeBlocks/MinGW/bin/../lib/gcc/mingw32/4.9.2/../../../libkernel32.a(dchds01223.o)
 .idata$4       0x0040a0ec        0x4 C:/Program Files/CodeBlocks/MinGW/bin/../lib/gcc/mingw32/4.9.2/../../../libkernel32.a(dchdt.o)
 .idata$4       0x0040a0f0        0x0 C:/Program Files/CodeBlocks/MinGW/bin/../lib/gcc/mingw32/4.9.2/../../../libmsvcrt.a(dsnoh.o)
 .idata$4       0x0040a0f0        0x4 C:/Program Files/CodeBlocks/MinGW/bin/../lib/gcc/mingw32/4.9.2/../../../libmsvcrt.a(dsnos00055.o)
 .idata$4       0x0040a0f4        0x4 C:/Program Files/CodeBlocks/MinGW/bin/../lib/gcc/mingw32/4.9.2/../../../libmsvcrt.a(dsnos00077.o)
 .idata$4       0x0040a0f8        0x4 C:/Program Files/CodeBlocks/MinGW/bin/../lib/gcc/mingw32/4.9.2/../../../libmsvcrt.a(dsnos00079.o)
 .idata$4       0x0040a0fc        0x4 C:/Program Files/CodeBlocks/MinGW/bin/../lib/gcc/mingw32/4.9.2/../../../libmsvcrt.a(dsnos00099.o)
 .idata$4       0x0040a100        0x4 C:/Program Files/CodeBlocks/MinGW/bin/../lib/gcc/mingw32/4.9.2/../../../libmsvcrt.a(dsnos00147.o)
 .idata$4       0x0040a104        0x4 C:/Program Files/CodeBlocks/MinGW/bin/../lib/gcc/mingw32/4.9.2/../../../libmsvcrt.a(dsnos00266.o)
 .idata$4       0x0040a108        0x4 C:/Program Files/CodeBlocks/MinGW/bin/../lib/gcc/mingw32/4.9.2/../../../libmsvcrt.a(dsnos00383.o)
 .idata$4       0x0040a10c        0x4 C:/Program Files/CodeBlocks/MinGW/bin/../lib/gcc/mingw32/4.9.2/../../../libmsvcrt.a(dsnos00426.o)
 .idata$4       0x0040a110        0x4 C:/Program Files/CodeBlocks/MinGW/bin/../lib/gcc/mingw32/4.9.2/../../../libmsvcrt.a(dsnos00583.o)
 .idata$4       0x0040a114        0x4 C:/Program Files/CodeBlocks/MinGW/bin/../lib/gcc/mingw32/4.9.2/../../../libmsvcrt.a(dsnos00590.o)
 .idata$4       0x0040a118        0x4 C:/Program Files/CodeBlocks/MinGW/bin/../lib/gcc/mingw32/4.9.2/../../../libmsvcrt.a(dsnos00595.o)
 .idata$4       0x0040a11c        0x4 C:/Program Files/CodeBlocks/MinGW/bin/../lib/gcc/mingw32/4.9.2/../../../libmsvcrt.a(dsnos00625.o)
 .idata$4       0x0040a120        0x4 C:/Program Files/CodeBlocks/MinGW/bin/../lib/gcc/mingw32/4.9.2/../../../libmsvcrt.a(dsnos00633.o)
 .idata$4       0x0040a124        0x4 C:/Program Files/CodeBlocks/MinGW/bin/../lib/gcc/mingw32/4.9.2/../../../libmsvcrt.a(dsnos00676.o)
 .idata$4       0x0040a128        0x4 C:/Program Files/CodeBlocks/MinGW/bin/../lib/gcc/mingw32/4.9.2/../../../libmsvcrt.a(dsnos00682.o)
 .idata$4       0x0040a12c        0x4 C:/Program Files/CodeBlocks/MinGW/bin/../lib/gcc/mingw32/4.9.2/../../../libmsvcrt.a(dsnos00706.o)
 .idata$4       0x0040a130        0x4 C:/Program Files/CodeBlocks/MinGW/bin/../lib/gcc/mingw32/4.9.2/../../../libmsvcrt.a(dsnos00709.o)
 .idata$4       0x0040a134        0x4 C:/Program Files/CodeBlocks/MinGW/bin/../lib/gcc/mingw32/4.9.2/../../../libmsvcrt.a(dsnos00713.o)
 .idata$4       0x0040a138        0x4 C:/Program Files/CodeBlocks/MinGW/bin/../lib/gcc/mingw32/4.9.2/../../../libmsvcrt.a(dsnos00717.o)
 .idata$4       0x0040a13c        0x4 C:/Program Files/CodeBlocks/MinGW/bin/../lib/gcc/mingw32/4.9.2/../../../libmsvcrt.a(dsnos00748.o)
 .idata$4       0x0040a140        0x4 C:/Program Files/CodeBlocks/MinGW/bin/../lib/gcc/mingw32/4.9.2/../../../libmsvcrt.a(dsnot.o)
 .idata$4       0x0040a144        0x0 C:/Program Files/CodeBlocks/MinGW/bin/../lib/gcc/mingw32/4.9.2/../../../libuser32.a(daoih.o)
 .idata$4       0x0040a144        0x4 C:/Program Files/CodeBlocks/MinGW/bin/../lib/gcc/mingw32/4.9.2/../../../libuser32.a(daois00080.o)
 .idata$4       0x0040a148        0x4 C:/Program Files/CodeBlocks/MinGW/bin/../lib/gcc/mingw32/4.9.2/../../../libuser32.a(daois00134.o)
 .idata$4       0x0040a14c        0x4 C:/Program Files/CodeBlocks/MinGW/bin/../lib/gcc/mingw32/4.9.2/../../../libuser32.a(daois00149.o)
 .idata$4       0x0040a150        0x4 C:/Program Files/CodeBlocks/MinGW/bin/../lib/gcc/mingw32/4.9.2/../../../libuser32.a(daois00182.o)
 .idata$4       0x0040a154        0x4 C:/Program Files/CodeBlocks/MinGW/bin/../lib/gcc/mingw32/4.9.2/../../../libuser32.a(daois00248.o)
 .idata$4       0x0040a158        0x4 C:/Program Files/CodeBlocks/MinGW/bin/../lib/gcc/mingw32/4.9.2/../../../libuser32.a(daois00253.o)
 .idata$4       0x0040a15c        0x4 C:/Program Files/CodeBlocks/MinGW/bin/../lib/gcc/mingw32/4.9.2/../../../libuser32.a(daois00254.o)
 .idata$4       0x0040a160        0x4 C:/Program Files/CodeBlocks/MinGW/bin/../lib/gcc/mingw32/4.9.2/../../../libuser32.a(daois00293.o)
 .idata$4       0x0040a164        0x4 C:/Program Files/CodeBlocks/MinGW/bin/../lib/gcc/mingw32/4.9.2/../../../libuser32.a(daois00348.o)
 .idata$4       0x0040a168        0x4 C:/Program Files/CodeBlocks/MinGW/bin/../lib/gcc/mingw32/4.9.2/../../../libuser32.a(daois00403.o)
 .idata$4       0x0040a16c        0x4 C:/Program Files/CodeBlocks/MinGW/bin/../lib/gcc/mingw32/4.9.2/../../../libuser32.a(daois00405.o)
 .idata$4       0x0040a170        0x4 C:/Program Files/CodeBlocks/MinGW/bin/../lib/gcc/mingw32/4.9.2/../../../libuser32.a(daois00434.o)
 .idata$4       0x0040a174        0x4 C:/Program Files/CodeBlocks/MinGW/bin/../lib/gcc/mingw32/4.9.2/../../../libuser32.a(daois00468.o)
 .idata$4       0x0040a178        0x4 C:/Program Files/CodeBlocks/MinGW/bin/../lib/gcc/mingw32/4.9.2/../../../libuser32.a(daois00480.o)
 .idata$4       0x0040a17c        0x4 C:/Program Files/CodeBlocks/MinGW/bin/../lib/gcc/mingw32/4.9.2/../../../libuser32.a(daois00505.o)
 .idata$4       0x0040a180        0x4 C:/Program Files/CodeBlocks/MinGW/bin/../lib/gcc/mingw32/4.9.2/../../../libuser32.a(daois00508.o)
 .idata$4       0x0040a184        0x4 C:/Program Files/CodeBlocks/MinGW/bin/../lib/gcc/mingw32/4.9.2/../../../libuser32.a(daois00520.o)
 .idata$4       0x0040a188        0x4 C:/Program Files/CodeBlocks/MinGW/bin/../lib/gcc/mingw32/4.9.2/../../../libuser32.a(daois00529.o)
 .idata$4       0x0040a18c        0x4 C:/Program Files/CodeBlocks/MinGW/bin/../lib/gcc/mingw32/4.9.2/../../../libuser32.a(daois00530.o)
 .idata$4       0x0040a190        0x4 C:/Program Files/CodeBlocks/MinGW/bin/../lib/gcc/mingw32/4.9.2/../../../libuser32.a(daois00585.o)
 .idata$4       0x0040a194        0x4 C:/Program Files/CodeBlocks/MinGW/bin/../lib/gcc/mingw32/4.9.2/../../../libuser32.a(daois00608.o)
 .idata$4       0x0040a198        0x4 C:/Program Files/CodeBlocks/MinGW/bin/../lib/gcc/mingw32/4.9.2/../../../libuser32.a(daoit.o)
                0x0040a19c                __IAT_start__ = .
 SORT(*)(.idata$5)
 .idata$5       0x0040a19c        0x0 C:/Program Files/CodeBlocks/MinGW/bin/../lib/gcc/mingw32/4.9.2/../../../libgdi32.a(dkfhh.o)
 .idata$5       0x0040a19c        0x4 C:/Program Files/CodeBlocks/MinGW/bin/../lib/gcc/mingw32/4.9.2/../../../libgdi32.a(dkfhs00012.o)
                0x0040a19c                _imp__BitBlt@36
 .idata$5       0x0040a1a0        0x4 C:/Program Files/CodeBlocks/MinGW/bin/../lib/gcc/mingw32/4.9.2/../../../libgdi32.a(dkfhs00034.o)
                0x0040a1a0                _imp__CreateCompatibleDC@4
 .idata$5       0x0040a1a4        0x4 C:/Program Files/CodeBlocks/MinGW/bin/../lib/gcc/mingw32/4.9.2/../../../libgdi32.a(dkfhs00039.o)
                0x0040a1a4                _imp__CreateDIBSection@24